 ExtensionSample

 Timestamp is 65b14bf6 (Wed Jan 24 12:42:14 2024)

 Preferred load address is 0000000180000000

 Start         Length     Name                   Class
 0001:00000000 000000b0H .text$di                CODE
 0001:000000b0 0000ad70H .text$mn                CODE
 0001:0000ae20 00000020H .text$mn$00             CODE
 0001:0000ae40 000008c0H .text$x                 CODE
 0001:0000b700 00000113H .text$yd                CODE
 0002:00000000 00001768H .idata$5                DATA
 0002:00001768 00000010H .00cfg                  DATA
 0002:00001778 00000008H .CRT$XCA                DATA
 0002:00001780 00000018H .CRT$XCL                DATA
 0002:00001798 00000010H .CRT$XCU                DATA
 0002:000017a8 00000008H .CRT$XCZ                DATA
 0002:000017b0 00000008H .CRT$XIA                DATA
 0002:000017b8 00000008H .CRT$XIC                DATA
 0002:000017c0 00000008H .CRT$XIZ                DATA
 0002:000017c8 00000008H .CRT$XLA                DATA
 0002:000017d0 00000008H .CRT$XLZ                DATA
 0002:000017d8 00000008H .CRT$XPA                DATA
 0002:000017e0 00000008H .CRT$XPZ                DATA
 0002:000017e8 00000008H .CRT$XTA                DATA
 0002:000017f0 00000010H .CRT$XTZ                DATA
 0002:000017f8 00000000H .gfids$y                DATA
 0002:00001800 00003c70H .rdata                  DATA
 0002:00005470 00000030H .rdata$T                DATA
 0002:000054a0 000015ecH .rdata$r                DATA
 0002:00006a8c 0000034cH .rdata$zzzdbg           DATA
 0002:00006dd8 00000008H .rtc$IAA                DATA
 0002:00006de0 00000008H .rtc$IZZ                DATA
 0002:00006de8 00000008H .rtc$TAA                DATA
 0002:00006df0 00000010H .rtc$TZZ                DATA
 0002:00006e00 000015d8H .xdata                  DATA
 0002:000083d8 00000088H .xdata$x                DATA
 0002:00008460 00000000H ATL$__a                 DATA
 0002:00008460 00000000H ATL$__z                 DATA
 0002:00008460 00000668H .edata                  DATA
 0002:00008ac8 00000154H .idata$2                DATA
 0002:00008c1c 00000014H .idata$3                DATA
 0002:00008c30 00001768H .idata$4                DATA
 0002:0000a398 00006508H .idata$6                DATA
 0003:00000000 00000040H .data                   DATA
 0003:00000040 000007f0H .data$r                 DATA
 0003:00000830 00000c30H .bss                    DATA
 0004:00000000 00000abcH .pdata                  DATA
 0005:00000000 00000004H .tls                    DATA
 0005:00000004 00000004H .tls$                   DATA
 0005:00000008 00000001H .tls$ZZZ                DATA
 0006:00000000 000000a0H .rsrc$01                DATA
 0006:000000a0 000004a8H .rsrc$02                DATA

  Address         Publics by Value              Rva+Base               Lib:Object

 0000:00000000       __guard_longjmp_count      0000000000000000     <absolute>
 0000:00000000       __dynamic_value_reloc_table 0000000000000000     <absolute>
 0000:00000000       __guard_iat_table          0000000000000000     <absolute>
 0000:00000000       __guard_iat_count          0000000000000000     <absolute>
 0000:00000000       __guard_fids_count         0000000000000000     <absolute>
 0000:00000000       ___safe_se_handler_table   0000000000000000     <absolute>
 0000:00000000       ___safe_se_handler_count   0000000000000000     <absolute>
 0000:00000000       __guard_fids_table         0000000000000000     <absolute>
 0000:00000000       __guard_longjmp_table      0000000000000000     <absolute>
 0000:00000100       __guard_flags              0000000000000100     <absolute>
 0000:00000000       __ImageBase                0000000180000000     <linker-defined>
 0001:000000b0       ?WriteToTechLogFile@@YAXV?$basic_string@DU?$char_traits@D@std@@V?$allocator@D@2@@std@@@Z 00000001800010b0 f   EOH.obj
 0001:000001e0       ?isOpenInGapRange@@YA_NVPrice@@0@Z 00000001800011e0 f   EOH.obj
 0001:000002e0       ?GetCurrentDate@@YA?AV?$basic_string@DU?$char_traits@D@std@@V?$allocator@D@2@@std@@XZ 00000001800012e0 f   EOH.obj
 0001:000005e0       ?GetAccountById@@YAPEAVAccount@@PEBD@Z 00000001800015e0 f   EOH.obj
 0001:00000690       ??0EOH@@QEAA@PEAVTakionMainWnd@@PEAVTakionSettingTabDialog@@@Z 0000000180001690 f   EOH.obj
 0001:000008e0       ??_EEOH@@UEAAPEAXI@Z       00000001800018e0 f i * CIL library *:* CIL module *
 0001:000008e0       ??_GEOH@@UEAAPEAXI@Z       00000001800018e0 f i EOH.obj
 0001:00000930       ??1EOH@@UEAA@XZ            0000000180001930 f   EOH.obj
 0001:000009d0       ?Entering@EOH@@MEAAXXZ     00000001800019d0 f   EOH.obj
 0001:000009f0       ?BeforeDestroy@EOH@@MEAAXXZ 00000001800019f0 f   EOH.obj
 0001:000009f0       ?Leaving@EOH@@MEAAXXZ      00000001800019f0 f   EOH.obj
 0001:00000a50       ?DoDataExchange@EOH@@MEAAXPEAVCDataExchange@@@Z 0000000180001a50 f   EOH.obj
 0001:00000ab0       ?GetMessageMap@EOH@@MEBAPEBUAFX_MSGMAP@@XZ 0000000180001ab0 f   EOH.obj
 0001:00000b20       ?OnRun@EOH@@IEAAXXZ        0000000180001b20 f   EOH.obj
 0001:00000b90       ?OnStop@EOH@@IEAAXXZ       0000000180001b90 f   EOH.obj
 0001:00000c10       ?DoSubscribe@EOH@@IEAA_NXZ 0000000180001c10 f   EOH.obj
 0001:00000ce0       ?OnInitDialog@EOH@@MEAAHXZ 0000000180001ce0 f   EOH.obj
 0001:00000e30       ?Notify@EOH@@MEAAXPEBVMessage@@PEBVObservable@@0@Z 0000000180001e30 f   EOH.obj
 0001:00000fe0       ?InitializeTickerList@EOH@@IEAAXXZ 0000000180001fe0 f   EOH.obj
 0001:00001270       ??_D?$basic_ifstream@DU?$char_traits@D@std@@@std@@QEAAXXZ 0000000180002270 f i EOH.obj
 0001:000012a0       ?InitializeTriggeredList@EOH@@IEAAXXZ 00000001800022a0 f   EOH.obj
 0001:00001950       ??1positionStruct@@QEAA@XZ 0000000180002950 f i EOH.obj
 0001:00001960       ?CheckLogic@EOH@@IEAAXXZ   0000000180002960 f   EOH.obj
 0001:000021c0       ?SendOrder@EOH@@IEAAXPEAVSecurity@@DVPrice@@IE@Z 00000001800031c0 f   EOH.obj
 0001:000027a0       ?GetStructBySymbol@EOH@@IEAA?AUpositionStruct@@V?$basic_string@DU?$char_traits@D@std@@V?$allocator@D@2@@std@@@Z 00000001800037a0 f   EOH.obj
 0001:00002b60       ?CheckPosition@EOH@@IEAAXXZ 0000000180003b60 f   EOH.obj
 0001:00002ff0       ?CheckStopTargetOrders@EOH@@IEAAXPEAVPosition@@UpositionStruct@@@Z 0000000180003ff0 f   EOH.obj
 0001:000033c0       ?CheckKeepPositionTimeExpired@EOH@@IEAAXPEAVPosition@@UpositionStruct@@@Z 00000001800043c0 f   EOH.obj
 0001:00003580       ?CheckOpenPositionTimeExpired@EOH@@IEAAXPEAVPosition@@UpositionStruct@@@Z 0000000180004580 f   EOH.obj
 0001:000036b0       ?CheckIsTargetAlreadyReached@EOH@@IEAAXPEAVPosition@@UpositionStruct@@@Z 00000001800046b0 f   EOH.obj
 0001:00003840       ?AssertValid@CObject@@UEBAXXZ 0000000180004840 f i EOH.obj
 0001:00003840       SecurityRefreshed          0000000180004840 f i ExtensionSample.obj
 0001:00003840       ActiveMmBoxChanged         0000000180004840 f i ExtensionSample.obj
 0001:00003840       MarketSorterNotifyRemoved  0000000180004840 f i ExtensionSample.obj
 0001:00003840       ?__empty_global_delete@@YAXPEAX_K@Z 0000000180004840 f i EOH.obj
 0001:00003840       MessageReport              0000000180004840 f i ExtensionSample.obj
 0001:00003840       ?DoDataExchange@CWnd@@MEAAXPEAVCDataExchange@@@Z 0000000180004840 f i EOH.obj
 0001:00003840       ??3@YAXPEAX0@Z             0000000180004840 f i EOH.obj
 0001:00003840       SymbolEnteredInMmBox       0000000180004840 f i ExtensionSample.obj
 0001:00003840       ?Dump@CObject@@UEBAXAEAVCDumpContext@@@Z 0000000180004840 f i EOH.obj
 0001:00003840       _guard_check_icall_nop     0000000180004840 f i msvcrt:guard_support.obj
 0001:00003840       MarketSorterContentsDone   0000000180004840 f i ExtensionSample.obj
 0001:00003840       MarketSorterNotifyAdded    0000000180004840 f i ExtensionSample.obj
 0001:00003840       MarketSorterNotifyAllRowsRemoved 0000000180004840 f i ExtensionSample.obj
 0001:00003840       ??1?$_String_alloc@U?$_String_base_types@DV?$allocator@D@std@@@std@@@std@@QEAA@XZ 0000000180004840 f i EOH.obj
 0001:00003840       MainThreadAvailableDataProcessed 0000000180004840 f i ExtensionSample.obj
 0001:00003840       ?Serialize@CObject@@UEAAXAEAVCArchive@@@Z 0000000180004840 f i EOH.obj
 0001:00003840       MarketSorterNotifyPrefixChanged 0000000180004840 f i ExtensionSample.obj
 0001:00003840       ?__global_delete@@YAXPEAX_K@Z 0000000180004840 f i * CIL library *:* CIL module *
 0001:00003840       NotifyMarketSorterSymbol   0000000180004840 f i ExtensionSample.obj
 0001:00003840       KeyStrokeAndCommand        0000000180004840 f i ExtensionSample.obj
 0001:00003840       MarketSorterContents       0000000180004840 f i ExtensionSample.obj
 0001:00003840       CommandWindowRemoved       0000000180004840 f i ExtensionSample.obj
 0001:00003840       NextDayStarted             0000000180004840 f i ExtensionSample.obj
 0001:00003840       LayoutChanged              0000000180004840 f i ExtensionSample.obj
 0001:00003850       ??1?$vector@UpositionStruct@@V?$allocator@UpositionStruct@@@std@@@std@@QEAA@XZ 0000000180004850 f i EOH.obj
 0001:00003860       ??1?$vector@PEAVSecurity@@V?$allocator@PEAVSecurity@@@std@@@std@@QEAA@XZ 0000000180004860 f i EOH.obj
 0001:00003870       ??1?$basic_ofstream@DU?$char_traits@D@std@@@std@@UEAA@XZ 0000000180004870 f i EOH.obj
 0001:00003940       ??0?$basic_ofstream@DU?$char_traits@D@std@@@std@@QEAA@XZ 0000000180004940 f i EOH.obj
 0001:00003a50       ??1?$basic_ifstream@DU?$char_traits@D@std@@@std@@UEAA@XZ 0000000180004a50 f i EOH.obj
 0001:00003b20       ??0?$basic_ifstream@DU?$char_traits@D@std@@@std@@QEAA@XZ 0000000180004b20 f i EOH.obj
 0001:00003c00       ?imbue@?$basic_filebuf@DU?$char_traits@D@std@@@std@@MEAAXAEBVlocale@2@@Z 0000000180004c00 f i EOH.obj
 0001:00003c50       ?sync@?$basic_filebuf@DU?$char_traits@D@std@@@std@@MEAAHXZ 0000000180004c50 f i EOH.obj
 0001:00003ca0       ?setbuf@?$basic_filebuf@DU?$char_traits@D@std@@@std@@MEAAPEAV?$basic_streambuf@DU?$char_traits@D@std@@@2@PEAD_J@Z 0000000180004ca0 f i EOH.obj
 0001:00003d90       ?seekpos@?$basic_filebuf@DU?$char_traits@D@std@@@std@@MEAA?AV?$fpos@U_Mbstatet@@@2@V32@H@Z 0000000180004d90 f i EOH.obj
 0001:00003e80       ?seekoff@?$basic_filebuf@DU?$char_traits@D@std@@@std@@MEAA?AV?$fpos@U_Mbstatet@@@2@_JHH@Z 0000000180004e80 f i EOH.obj
 0001:00003f80       ?uflow@?$basic_filebuf@DU?$char_traits@D@std@@@std@@MEAAHXZ 0000000180004f80 f i EOH.obj
 0001:00004250       ?underflow@?$basic_filebuf@DU?$char_traits@D@std@@@std@@MEAAHXZ 0000000180005250 f i EOH.obj
 0001:000042c0       ?pbackfail@?$basic_filebuf@DU?$char_traits@D@std@@@std@@MEAAHH@Z 00000001800052c0 f i EOH.obj
 0001:000043a0       ?overflow@?$basic_filebuf@DU?$char_traits@D@std@@@std@@MEAAHH@Z 00000001800053a0 f i EOH.obj
 0001:00004680       ?_Unlock@?$basic_filebuf@DU?$char_traits@D@std@@@std@@UEAAXXZ 0000000180005680 f i EOH.obj
 0001:000046a0       ?_Lock@?$basic_filebuf@DU?$char_traits@D@std@@@std@@UEAAXXZ 00000001800056a0 f i EOH.obj
 0001:000046c0       ??_E?$basic_ofstream@DU?$char_traits@D@std@@@std@@UEAAPEAXI@Z 00000001800056c0 f i * CIL library *:* CIL module *
 0001:000046c0       ??_G?$basic_ofstream@DU?$char_traits@D@std@@@std@@UEAAPEAXI@Z 00000001800056c0 f i EOH.obj
 0001:00004710       ??_E?$basic_ifstream@DU?$char_traits@D@std@@@std@@UEAAPEAXI@Z 0000000180005710 f i * CIL library *:* CIL module *
 0001:00004710       ??_G?$basic_ifstream@DU?$char_traits@D@std@@@std@@UEAAPEAXI@Z 0000000180005710 f i EOH.obj
 0001:00004760       ??_G?$basic_filebuf@DU?$char_traits@D@std@@@std@@UEAAPEAXI@Z 0000000180005760 f i EOH.obj
 0001:00004760       ??_E?$basic_filebuf@DU?$char_traits@D@std@@@std@@UEAAPEAXI@Z 0000000180005760 f i * CIL library *:* CIL module *
 0001:00004800       ?_Tidy@?$vector@UpositionStruct@@V?$allocator@UpositionStruct@@@std@@@std@@AEAAXXZ 0000000180005800 f i EOH.obj
 0001:000048f0       ?_Tidy@?$vector@PEAVSecurity@@V?$allocator@PEAVSecurity@@@std@@@std@@AEAAXXZ 00000001800058f0 f i EOH.obj
 0001:00004990       ??1sentry@?$basic_ostream@DU?$char_traits@D@std@@@std@@QEAA@XZ 0000000180005990 f i EOH.obj
 0001:000049e0       ?_Reset_back@?$basic_filebuf@DU?$char_traits@D@std@@@std@@AEAAXXZ 00000001800059e0 f i EOH.obj
 0001:00004a10       ?_Endwrite@?$basic_filebuf@DU?$char_traits@D@std@@@std@@IEAA_NXZ 0000000180005a10 f i EOH.obj
 0001:00004c10       ?close@?$basic_filebuf@DU?$char_traits@D@std@@@std@@QEAAPEAV12@XZ 0000000180005c10 f i EOH.obj
 0001:00004c90       ?deallocate@?$_Wrap_alloc@V?$allocator@UpositionStruct@@@std@@@std@@QEAAXPEAUpositionStruct@@_K@Z 0000000180005c90 f i EOH.obj
 0001:00004d10       ??1_Sentry_base@?$basic_ostream@DU?$char_traits@D@std@@@std@@QEAA@XZ 0000000180005d10 f i EOH.obj
 0001:00004d10       ??1_Sentry_base@?$basic_istream@DU?$char_traits@D@std@@@std@@QEAA@XZ 0000000180005d10 f i EOH.obj
 0001:00004d40       ?open@?$basic_filebuf@DU?$char_traits@D@std@@@std@@QEAAPEAV12@PEBDHH@Z 0000000180005d40 f i EOH.obj
 0001:00004e80       ??$?6U?$char_traits@D@std@@@std@@YAAEAV?$basic_ostream@DU?$char_traits@D@std@@@0@AEAV10@PEBD@Z 0000000180005e80 f i EOH.obj
 0001:00005030       ??$endl@DU?$char_traits@D@std@@@std@@YAAEAV?$basic_ostream@DU?$char_traits@D@std@@@0@AEAV10@@Z 0000000180006030 f i EOH.obj
 0001:00005070       ??$?HDU?$char_traits@D@std@@V?$allocator@D@1@@std@@YA?AV?$basic_string@DU?$char_traits@D@std@@V?$allocator@D@2@@0@QEBD$$QEAV10@@Z 0000000180006070 f i EOH.obj
 0001:000050e0       ??$?HDU?$char_traits@D@std@@V?$allocator@D@1@@std@@YA?AV?$basic_string@DU?$char_traits@D@std@@V?$allocator@D@2@@0@$$QEAV10@QEBD@Z 00000001800060e0 f i EOH.obj
 0001:00005150       ??$?HDU?$char_traits@D@std@@V?$allocator@D@1@@std@@YA?AV?$basic_string@DU?$char_traits@D@std@@V?$allocator@D@2@@0@AEBV10@QEBD@Z 0000000180006150 f i EOH.obj
 0001:00005230       ??$?HDU?$char_traits@D@std@@V?$allocator@D@1@@std@@YA?AV?$basic_string@DU?$char_traits@D@std@@V?$allocator@D@2@@0@$$QEAV10@0@Z 0000000180006230 f i EOH.obj
 0001:000052d0       ??$?HDU?$char_traits@D@std@@V?$allocator@D@1@@std@@YA?AV?$basic_string@DU?$char_traits@D@std@@V?$allocator@D@2@@0@AEBV10@$$QEAV10@@Z 00000001800062d0 f i EOH.obj
 0001:00005330       ??$emplace_back@AEBUpositionStruct@@@?$vector@UpositionStruct@@V?$allocator@UpositionStruct@@@std@@@std@@QEAAXAEBUpositionStruct@@@Z 0000000180006330 f i EOH.obj
 0001:00005590       ??$emplace_back@AEBQEAVSecurity@@@?$vector@PEAVSecurity@@V?$allocator@PEAVSecurity@@@std@@@std@@QEAAXAEBQEAVSecurity@@@Z 0000000180006590 f i EOH.obj
 0001:000056e0       ??$use_facet@V?$codecvt@DDU_Mbstatet@@@std@@@std@@YAAEBV?$codecvt@DDU_Mbstatet@@@0@AEBVlocale@0@@Z 00000001800066e0 f i EOH.obj
 0001:000057e0       ?_Xlength@?$vector@UpositionStruct@@V?$allocator@UpositionStruct@@@std@@@std@@CAXXZ 00000001800067e0 f i EOH.obj
 0001:000057e0       ?_Xlength@?$vector@PEAVSecurity@@V?$allocator@PEAVSecurity@@@std@@@std@@CAXXZ 00000001800067e0 f i EOH.obj
 0001:00005800       ?_Change_array@?$vector@UpositionStruct@@V?$allocator@UpositionStruct@@@std@@@std@@AEAAXQEAUpositionStruct@@_K1@Z 0000000180006800 f i EOH.obj
 0001:00005920       ?_Change_array@?$vector@PEAVSecurity@@V?$allocator@PEAVSecurity@@@std@@@std@@AEAAXQEAPEAVSecurity@@_K1@Z 0000000180006920 f i EOH.obj
 0001:000059f0       ?insert@?$basic_string@DU?$char_traits@D@std@@V?$allocator@D@2@@std@@QEAAAEAV12@_KQEBD0@Z 00000001800069f0 f i EOH.obj
 0001:00005b30       ?insert@?$basic_string@DU?$char_traits@D@std@@V?$allocator@D@2@@std@@QEAAAEAV12@_KAEBV12@0_K@Z 0000000180006b30 f i EOH.obj
 0001:00005ca0       ??$_Insert_string@DU?$char_traits@D@std@@_K@std@@YAAEAV?$basic_ostream@DU?$char_traits@D@std@@@0@AEAV10@QEBD_K@Z 0000000180006ca0 f i EOH.obj
 0001:00005e70       ??$getline@DU?$char_traits@D@std@@V?$allocator@D@2@@std@@YAAEAV?$basic_istream@DU?$char_traits@D@std@@@0@$$QEAV10@AEAV?$basic_string@DU?$char_traits@D@std@@V?$allocator@D@2@@0@D@Z 0000000180006e70 f i EOH.obj
 0001:00006050       ??$_Unfancy@UpositionStruct@@@std@@YAPEAUpositionStruct@@PEAU1@@Z 0000000180007050 f i EOH.obj
 0001:00006060       ??$destroy@UpositionStruct@@@?$_Wrap_alloc@V?$allocator@UpositionStruct@@@std@@@std@@QEAAXPEAUpositionStruct@@@Z 0000000180007060 f i EOH.obj
 0001:00006070       ??1sentry@?$basic_istream@DU?$char_traits@D@std@@@std@@QEAA@XZ 0000000180007070 f i EOH.obj
 0001:000060a0       ??$_Uninitialized_move_al_unchecked@PEAUpositionStruct@@PEAU1@V?$allocator@UpositionStruct@@@std@@@std@@YAPEAUpositionStruct@@PEAU1@00AEAU?$_Wrap_alloc@V?$allocator@UpositionStruct@@@std@@@0@U_General_ptr_iterator_tag@0@U_Any_tag@0@@Z 00000001800070a0 f i EOH.obj
 0001:00006130       ??_E?$basic_ifstream@DU?$char_traits@D@std@@@std@@$4PPPPPPPM@A@EAAPEAXI@Z 0000000180007130 f i EOH.obj
 0001:0000613c       ??_E?$basic_ofstream@DU?$char_traits@D@std@@@std@@$4PPPPPPPM@A@EAAPEAXI@Z 000000018000713c f i EOH.obj
 0001:00006148       ??_EEOH@@WFHI@EAAPEAXI@Z   0000000180007148 f i EOH.obj
 0001:00006160       ?Create@CDialog@@UEAAHIPEAVCWnd@@@Z 0000000180007160 f i EOH.obj
 0001:00006170       ??Y?$basic_string@DU?$char_traits@D@std@@V?$allocator@D@2@@std@@QEAAAEAV01@D@Z 0000000180007170 f i EOH.obj
 0001:000061f0       ??0bad_cast@std@@QEAA@XZ   00000001800071f0 f i EOH.obj
 0001:00006210       ??1bad_cast@std@@UEAA@XZ   0000000180007210 f i EOH.obj
 0001:00006230       ??_Ebad_cast@std@@UEAAPEAXI@Z 0000000180007230 f i * CIL library *:* CIL module *
 0001:00006230       ??_Eexception@std@@UEAAPEAXI@Z 0000000180007230 f i * CIL library *:* CIL module *
 0001:00006230       ??_Gexception@std@@UEAAPEAXI@Z 0000000180007230 f i EOH.obj
 0001:00006230       ??_Gbad_cast@std@@UEAAPEAXI@Z 0000000180007230 f i EOH.obj
 0001:00006280       ??0bad_cast@std@@QEAA@AEBV01@@Z 0000000180007280 f i EOH.obj
 0001:000062c0       ?append@?$basic_string@DU?$char_traits@D@std@@V?$allocator@D@2@@std@@QEAAAEAV12@QEBD_K@Z 00000001800072c0 f i EOH.obj
 0001:000063d0       ?what@exception@std@@UEBAPEBDXZ 00000001800073d0 f i EOH.obj
 0001:000063f0       ??0exception@std@@QEAA@AEBV01@@Z 00000001800073f0 f i EOH.obj
 0001:00006430       ??1locale@std@@QEAA@XZ     0000000180007430 f i EOH.obj
 0001:00006470       _scprintf                  0000000180007470 f i EOH.obj
 0001:000064d0       ?assign@?$basic_string@DU?$char_traits@D@std@@V?$allocator@D@2@@std@@QEAAAEAV12@_KD@Z 00000001800074d0 f i EOH.obj
 0001:000065a0       __local_stdio_printf_options 00000001800075a0 f i EOH.obj
 0001:000065b0       sprintf_s                  00000001800075b0 f i EOH.obj
 0001:00006610       ?resize@?$basic_string@DU?$char_traits@D@std@@V?$allocator@D@2@@std@@QEAAX_KD@Z 0000000180007610 f i EOH.obj
 0001:00006710       ??$_Floating_to_string@N@std@@YA?AV?$basic_string@DU?$char_traits@D@std@@V?$allocator@D@2@@0@PEBDN@Z 0000000180007710 f i EOH.obj
 0001:000067d0       ?to_string@std@@YA?AV?$basic_string@DU?$char_traits@D@std@@V?$allocator@D@2@@1@N@Z 00000001800077d0 f i EOH.obj
 0001:00006800       ??_GCStatic@@UEAAPEAXI@Z   0000000180007800 f i EOH.obj
 0001:00006800       ??_ECStatic@@UEAAPEAXI@Z   0000000180007800 f i * CIL library *:* CIL module *
 0001:00006850       ??_GCButton@@UEAAPEAXI@Z   0000000180007850 f i EOH.obj
 0001:00006850       ??_ECButton@@UEAAPEAXI@Z   0000000180007850 f i * CIL library *:* CIL module *
 0001:000068a0       ?BeginModalState@CWnd@@UEAAXXZ 00000001800078a0 f i EOH.obj
 0001:000068b0       ?EndModalState@CWnd@@UEAAXXZ 00000001800078b0 f i EOH.obj
 0001:000068c0       ?append@?$basic_string@DU?$char_traits@D@std@@V?$allocator@D@2@@std@@QEAAAEAV12@AEBV12@_K_K@Z 00000001800078c0 f i EOH.obj
 0001:000069c0       ??$_Integral_to_string@DI@std@@YA?AV?$basic_string@DU?$char_traits@D@std@@V?$allocator@D@2@@0@I@Z 00000001800079c0 f i EOH.obj
 0001:00006a60       ?to_string@std@@YA?AV?$basic_string@DU?$char_traits@D@std@@V?$allocator@D@2@@1@I@Z 0000000180007a60 f i EOH.obj
 0001:00006a80       ?_Xran@?$basic_string@DU?$char_traits@D@std@@V?$allocator@D@2@@std@@SAXXZ 0000000180007a80 f i EOH.obj
 0001:00006aa0       ?erase@?$basic_string@DU?$char_traits@D@std@@V?$allocator@D@2@@std@@QEAAAEAV12@_K0@Z 0000000180007aa0 f i EOH.obj
 0001:00006b40       ?assign@?$basic_string@DU?$char_traits@D@std@@V?$allocator@D@2@@std@@QEAAAEAV12@AEBV12@_K_K@Z 0000000180007b40 f i EOH.obj
 0001:00006c40       ?_Xlen@?$basic_string@DU?$char_traits@D@std@@V?$allocator@D@2@@std@@SAXXZ 0000000180007c40 f i EOH.obj
 0001:00006c60       ?allocate@?$_Wrap_alloc@V?$allocator@D@std@@@std@@QEAAPEAD_K@Z 0000000180007c60 f i EOH.obj
 0001:00006cd0       ?_Copy@?$basic_string@DU?$char_traits@D@std@@V?$allocator@D@2@@std@@QEAAX_K@Z 0000000180007cd0 f i EOH.obj
 0001:00006e40       ?assign@?$basic_string@DU?$char_traits@D@std@@V?$allocator@D@2@@std@@QEAAAEAV12@QEBD_K@Z 0000000180007e40 f i EOH.obj
 0001:00006f40       ?deallocate@?$_Wrap_alloc@V?$allocator@D@std@@@std@@QEAAXPEAD_K@Z 0000000180007f40 f i EOH.obj
 0001:00006fa0       ?_Tidy_deallocate@?$basic_string@DU?$char_traits@D@std@@V?$allocator@D@2@@std@@QEAAXXZ 0000000180007fa0 f i EOH.obj
 0001:00007020       ??1?$basic_string@DU?$char_traits@D@std@@V?$allocator@D@2@@std@@QEAA@XZ 0000000180008020 f i EOH.obj
 0001:00007030       ??3CObject@@SAXPEAX@Z      0000000180008030 f i EOH.obj
 0001:00007040       ??0ExtensionDerivedConfig@@QEAA@XZ 0000000180008040 f   ExtensionDerivedConfig.obj
 0001:000071c0       ??_GExtensionDerivedConfig@@UEAAPEAXI@Z 00000001800081c0 f i ExtensionDerivedConfig.obj
 0001:000071c0       ??_EExtensionDerivedConfig@@UEAAPEAXI@Z 00000001800081c0 f i * CIL library *:* CIL module *
 0001:00007260       ?AddSettings@ExtensionDerivedConfig@@IEAAXXZ 0000000180008260 f   ExtensionDerivedConfig.obj
 0001:00007310       ?Clone@ExtensionDerivedConfig@@UEBAPEAVConfigBase@@XZ 0000000180008310 f   ExtensionDerivedConfig.obj
 0001:00007370       ?Copy@ExtensionDerivedConfig@@UEAAXAEBVConfigBase@@@Z 0000000180008370 f   ExtensionDerivedConfig.obj
 0001:00007380       ?Update@ExtensionDerivedConfig@@UEAAXXZ 0000000180008380 f   ExtensionDerivedConfig.obj
 0001:00007390       _get_startup_argv_mode     0000000180008390 f   msvcrt:argv_mode.obj
 0001:00007390       GetExtensionCode           0000000180008390 f   ExtensionSample.obj
 0001:000073a0       GetExtensionVersion        00000001800083a0 f   ExtensionSample.obj
 0001:000073b0       GetUtilsVersion            00000001800083b0 f   ExtensionSample.obj
 0001:000073c0       GetUtilsHeaderVersion      00000001800083c0 f   ExtensionSample.obj
 0001:000073d0       GetUtilsGuiVersion         00000001800083d0 f   ExtensionSample.obj
 0001:000073e0       GetUtilsGuiHeaderVersion   00000001800083e0 f   ExtensionSample.obj
 0001:000073f0       GetTakionUtilsVersion      00000001800083f0 f   ExtensionSample.obj
 0001:00007400       GetTakionDataHeaderVersion 0000000180008400 f   ExtensionSample.obj
 0001:00007400       GetTakionGuiHeaderVersion  0000000180008400 f   ExtensionSample.obj
 0001:00007400       GetTakionUtilsHeaderVersion 0000000180008400 f   ExtensionSample.obj
 0001:00007410       GetTakionGuiVersion        0000000180008410 f   ExtensionSample.obj
 0001:00007420       GetTakionDataVersion       0000000180008420 f   ExtensionSample.obj
 0001:00007430       GetTakionLogVersion        0000000180008430 f   ExtensionSample.obj
 0001:00007440       GetTakionLogHeaderVersion  0000000180008440 f   ExtensionSample.obj
 0001:00007450       GetObserverVersion         0000000180008450 f   ExtensionSample.obj
 0001:00007460       GetObserverHeaderVersion   0000000180008460 f   ExtensionSample.obj
 0001:00007470       GetReceiverHeaderVersion   0000000180008470 f   ExtensionSample.obj
 0001:00007480       ExtensionIsDebug           0000000180008480 f   ExtensionSample.obj
 0001:00007480       MainThreadIdleState        0000000180008480 f   ExtensionSample.obj
 0001:00007480       ?CurrentAccountSet@MainDialog@@UEAA_NPEAVAccount@@@Z 0000000180008480 f   MainDialog.obj
 0001:00007490       GetTakionExtensionDescription 0000000180008490 f   ExtensionSample.obj
 0001:000074b0       LineDoubleClicked          00000001800084b0 f   ExtensionSample.obj
 0001:000074d0       AppActivated               00000001800084d0 f   ExtensionSample.obj
 0001:000074f0       TakionMoveWindows          00000001800084f0 f   ExtensionSample.obj
 0001:00007520       GetExtensionInfo           0000000180008520 f   ExtensionSample.obj
 0001:00007560       AddMenuItemToString        0000000180008560 f   ExtensionSample.obj
 0001:00007650       GetTakionExtensionMenu     0000000180008650 f   ExtensionSample.obj
 0001:000078b0       ExecuteTakionCommand       00000001800088b0 f   ExtensionSample.obj
 0001:00007db0       ExtensionInitialize        0000000180008db0 f   ExtensionSample.obj
 0001:00007fc0       ExtensionTerminate         0000000180008fc0 f   ExtensionSample.obj
 0001:00008080       CurrentAccountSet          0000000180009080 f   ExtensionSample.obj
 0001:000080a0       OpenLayout                 00000001800090a0 f   ExtensionSample.obj
 0001:000080c0       SaveLayout                 00000001800090c0 f   ExtensionSample.obj
 0001:000080e0       RestoreLayout              00000001800090e0 f   ExtensionSample.obj
 0001:00008100       GetLayoutFilePath          0000000180009100 f   ExtensionSample.obj
 0001:00008130       SaveLayoutAs               0000000180009130 f   ExtensionSample.obj
 0001:00008150       __scrt_stub_for_is_c_termination_complete 0000000180009150 f   msvcrt:ucrt_stubs.obj
 0001:00008150       ?GetApplicationRecoveryParameter@CWinApp@@UEAAPEAXXZ 0000000180009150 f   ExtensionSample.obj
 0001:00008150       _is_c_termination_complete 0000000180009150 f   msvcrt:ucrt_stubs.obj
 0001:00008150       ?GetApplicationRestartFlags@CWinApp@@UEAAKXZ 0000000180009150 f   ExtensionSample.obj
 0001:00008150       ?_AfxInitManaged@@YAHXZ    0000000180009150 f   stdafx.obj
 0001:00008150       TakionCreateExtensionTool  0000000180009150 f   ExtensionSample.obj
 0001:00008160       ??0ExtensionSample@@QEAA@XZ 0000000180009160 f   ExtensionSample.obj
 0001:00008260       ??_GExtensionSample@@UEAAPEAXI@Z 0000000180009260 f i ExtensionSample.obj
 0001:00008260       ??_EExtensionSample@@UEAAPEAXI@Z 0000000180009260 f i * CIL library *:* CIL module *
 0001:00008320       ?InitInstance@ExtensionSample@@UEAAHXZ 0000000180009320 f   ExtensionSample.obj
 0001:000084a0       ?ExitInstance@ExtensionSample@@UEAAHXZ 00000001800094a0 f   ExtensionSample.obj
 0001:000084b0       ?GetApplicationRecoveryPingInterval@CWinApp@@UEAAKXZ 00000001800094b0 f i ExtensionSample.obj
 0001:000084c0       ?RestoreAutosavedFilesAtRestart@CWinApp@@UEBAHXZ 00000001800094c0 f i ExtensionSample.obj
 0001:000084d0       ?ReopenPreviousFilesAtRestart@CWinApp@@UEBAHXZ 00000001800094d0 f i ExtensionSample.obj
 0001:000084e0       ?SupportsAutosaveAtInterval@CWinApp@@UEBAHXZ 00000001800094e0 f i ExtensionSample.obj
 0001:000084f0       ?SupportsAutosaveAtRestart@CWinApp@@UEBAHXZ 00000001800094f0 f i ExtensionSample.obj
 0001:00008500       ?SupportsApplicationRecovery@CWinApp@@UEBAHXZ 0000000180009500 f i ExtensionSample.obj
 0001:00008510       ?SupportsRestartManager@CWinApp@@UEBAHXZ 0000000180009510 f i ExtensionSample.obj
 0001:00008520       ??_ETakionPopupWnd@@UEAAPEAXI@Z 0000000180009520 f i * CIL library *:* CIL module *
 0001:00008520       ??_GTakionPopupWnd@@UEAAPEAXI@Z 0000000180009520 f i ExtensionSample.obj
 0001:00008570       ??_GTakionMessageBox@@UEAAPEAXI@Z 0000000180009570 f i ExtensionSample.obj
 0001:00008570       ??_ETakionMessageBox@@UEAAPEAXI@Z 0000000180009570 f i * CIL library *:* CIL module *
 0001:000085c0       ??2CObject@@SAPEAX_K@Z     00000001800095c0 f i ExtensionSample.obj
 0001:000085d0       ?CreateTitle@@YA?AV?$basic_string@DU?$char_traits@D@std@@V?$allocator@D@2@@std@@AEBQEBDAEB_K@Z 00000001800095d0 f   MainDialog.obj
 0001:000086a0       ??0MainDialog@@QEAA@PEBD_K0@Z 00000001800096a0 f   MainDialog.obj
 0001:000087b0       ??_EMainDialog@@UEAAPEAXI@Z 00000001800097b0 f i * CIL library *:* CIL module *
 0001:000087b0       ??_GMainDialog@@UEAAPEAXI@Z 00000001800097b0 f i MainDialog.obj
 0001:00008800       ?OnInitDialog@MainDialog@@MEAAHXZ 0000000180009800 f   MainDialog.obj
 0001:00008910       ??_GTakionSettingTabDialog@@UEAAPEAXI@Z 0000000180009910 f i MainDialog.obj
 0001:00008910       ??_ETakionSettingTabDialog@@UEAAPEAXI@Z 0000000180009910 f i * CIL library *:* CIL module *
 0001:00008960       ?BeforeDestroy@MainDialog@@MEAAXXZ 0000000180009960 f   MainDialog.obj
 0001:00008980       ?_AtlInitializeCriticalSectionEx@ATL@@YAHPEAU_RTL_CRITICAL_SECTION@@KK@Z 0000000180009980 f i stdafx.obj
 0001:00008988       ?Entering@TakionDialog@@MEAAXXZ 0000000180009988 f   UtilsGui:UtilsGui.dll
 0001:0000898e       ?Leaving@TakionDialog@@MEAAXXZ 000000018000998e f   UtilsGui:UtilsGui.dll
 0001:00008994       ?BeforeDestroy@TakionDialog@@MEAAXXZ 0000000180009994 f   UtilsGui:UtilsGui.dll
 0001:0000899a       ?OnNotify@TakionDialog@@MEAAH_K_JPEA_J@Z 000000018000999a f   UtilsGui:UtilsGui.dll
 0001:000089a0       ?PreTranslateMessage@TakionSettingDialog@@UEAAHPEAUtagMSG@@@Z 00000001800099a0 f   UtilsGui:UtilsGui.dll
 0001:000089a6       ?DoModal@TakionDialog@@UEAA_JXZ 00000001800099a6 f   UtilsGui:UtilsGui.dll
 0001:000089ac       ?OnOK@TakionSettingDialog@@UEAAXXZ 00000001800099ac f   UtilsGui:UtilsGui.dll
 0001:000089b2       ?OnCancel@TakionDialog@@UEAAXXZ 00000001800099b2 f   UtilsGui:UtilsGui.dll
 0001:000089b8       ?GetBkColor@TakionDialog@@UEBAKXZ 00000001800099b8 f   UtilsGui:UtilsGui.dll
 0001:000089be       ?GetBkBrush@TakionDialog@@UEBAPEAVCBrush@@XZ 00000001800099be f   UtilsGui:UtilsGui.dll
 0001:000089c4       ?isOrderDialog@TakionDialog@@UEBA_NXZ 00000001800099c4 f   UtilsGui:UtilsGui.dll
 0001:000089ca       ?isToDestroyOnFocus@TakionDialog@@UEBA_NXZ 00000001800099ca f   UtilsGui:UtilsGui.dll
 0001:000089d0       ?GetCurrentLeaf@TakionSettingPageBase@@UEBAPEBVTakionSettingDialog@@XZ 00000001800099d0 f   UtilsGui:UtilsGui.dll
 0001:000089d6       ?GetCurrentLeaf@TakionSettingPageBase@@UEAAPEAVTakionSettingDialog@@XZ 00000001800099d6 f   UtilsGui:UtilsGui.dll
 0001:000089dc       ?GetFirstTabControl@TakionDialog@@UEBAPEAUHWND__@@XZ 00000001800099dc f   UtilsGui:UtilsGui.dll
 0001:000089e2       ?Apply@TakionSettingDialog@@UEAAXXZ 00000001800099e2 f   UtilsGui:UtilsGui.dll
 0001:000089e8       ?Help@TakionDialog@@UEAAXXZ 00000001800099e8 f   UtilsGui:UtilsGui.dll
 0001:000089ee       ?GetHelpUrl@TakionDialog@@UEBA?AV?$basic_string@DU?$char_traits@D@std@@V?$allocator@D@2@@std@@XZ 00000001800099ee f   UtilsGui:UtilsGui.dll
 0001:000089f4       ?GetTotalValue@TakionDialog@@UEBAPEBDIGPEADI@Z 00000001800099f4 f   UtilsGui:UtilsGui.dll
 0001:000089fa       ?GetTitleRect@TakionDialog@@UEBAXPEBVListBoxOwnerDraw@@AEAVCRect@@1@Z 00000001800099fa f   UtilsGui:UtilsGui.dll
 0001:00008a00       ?isPointForRButtonMenuOk@TakionSettingPageBase@@UEBA_NIVCPoint@@@Z 0000000180009a00 f   UtilsGui:UtilsGui.dll
 0001:00008a06       ?isPointForNcRButtonMenuOk@TakionSettingPageBase@@UEBA_NIVCPoint@@@Z 0000000180009a06 f   UtilsGui:UtilsGui.dll
 0001:00008a0c       ?UpdateFrameBottom@TakionDialog@@UEAA_NXZ 0000000180009a0c f   UtilsGui:UtilsGui.dll
 0001:00008a12       ?UpdateFrameRight@TakionDialog@@UEAA_NXZ 0000000180009a12 f   UtilsGui:UtilsGui.dll
 0001:00008a18       ?HasActiveRectMenu@TakionDialog@@UEBA_NPEBVActiveRect@@@Z 0000000180009a18 f   UtilsGui:UtilsGui.dll
 0001:00008a1e       ?isTooltipConfigValid@TakionSettingDialog@@MEBA_NXZ 0000000180009a1e f   UtilsGui:UtilsGui.dll
 0001:00008a24       ?isToolTipsEnabledAdditional@TakionSettingDialog@@MEBA_NXZ 0000000180009a24 f   UtilsGui:UtilsGui.dll
 0001:00008a2a       ?isToolTipsEnabled@TakionSettingDialog@@MEBA_NXZ 0000000180009a2a f   UtilsGui:UtilsGui.dll
 0001:00008a30       ?InitControls@TakionDialog@@MEAAXXZ 0000000180009a30 f   UtilsGui:UtilsGui.dll
 0001:00008a36       ?DisplayMenu@TakionSettingPageBase@@MEAAXAEBVCPoint@@@Z 0000000180009a36 f   UtilsGui:UtilsGui.dll
 0001:00008a3c       ?PreAddMenuItems@TakionDialog@@MEAAXAEAVCMenu@@@Z 0000000180009a3c f   UtilsGui:UtilsGui.dll
 0001:00008a42       ?AddMenuItems@TakionDialog@@MEAAXAEAVCMenu@@@Z 0000000180009a42 f   UtilsGui:UtilsGui.dll
 0001:00008a48       ?PostAddMenuItems@TakionDialog@@MEAAXAEAVCMenu@@@Z 0000000180009a48 f   UtilsGui:UtilsGui.dll
 0001:00008a4e       ?DrawMenuItem@TakionDialog@@MEAAXPEAUtagDRAWITEMSTRUCT@@@Z 0000000180009a4e f   UtilsGui:UtilsGui.dll
 0001:00008a54       ?MeasureMenuItem@TakionDialog@@MEAA_NPEAUtagMEASUREITEMSTRUCT@@@Z 0000000180009a54 f   UtilsGui:UtilsGui.dll
 0001:00008a5a       ?DialogCancelled@TakionDialog@@MEAAXXZ 0000000180009a5a f   UtilsGui:UtilsGui.dll
 0001:00008a60       ?ResizeControlsInitialized@TakionDialog@@MEAAXXZ 0000000180009a60 f   UtilsGui:UtilsGui.dll
 0001:00008a66       ?OnResizeToFrame@TakionDialog@@MEAAXXZ 0000000180009a66 f   UtilsGui:UtilsGui.dll
 0001:00008a6c       ?isCloseOnEnter@TakionSettingDialog@@MEBA_NXZ 0000000180009a6c f   UtilsGui:UtilsGui.dll
 0001:00008a72       ?TitleScrolledHorizontally@TakionDialog@@MEAAXIAEBVCRect@@H@Z 0000000180009a72 f   UtilsGui:UtilsGui.dll
 0001:00008a78       ?TotalScrolledHorizontally@TakionDialog@@MEAAXIAEBVCRect@@H@Z 0000000180009a78 f   UtilsGui:UtilsGui.dll
 0001:00008a7e       ?PreWheel@TakionDialog@@MEAA_NIFVCPoint@@@Z 0000000180009a7e f   UtilsGui:UtilsGui.dll
 0001:00008a84       ?FinishDialog@TakionDialog@@MEAAXH@Z 0000000180009a84 f   UtilsGui:UtilsGui.dll
 0001:00008a8a       ?AfterClose@TakionDialog@@MEAAXXZ 0000000180009a8a f   UtilsGui:UtilsGui.dll
 0001:00008a90       ?MouseEntered@TakionDialog@@MEAAXXZ 0000000180009a90 f   UtilsGui:UtilsGui.dll
 0001:00008a96       ?MouseLeft@TakionDialog@@MEAAXXZ 0000000180009a96 f   UtilsGui:UtilsGui.dll
 0001:00008a9c       ?NcMouseEntered@TakionDialog@@MEAAXXZ 0000000180009a9c f   UtilsGui:UtilsGui.dll
 0001:00008aa2       ?NcMouseLeft@TakionDialog@@MEAAXXZ 0000000180009aa2 f   UtilsGui:UtilsGui.dll
 0001:00008aa8       ?DCCreated@TakionDialog@@MEAAXXZ 0000000180009aa8 f   UtilsGui:UtilsGui.dll
 0001:00008aae       ?LBDragEnter@TakionDialog@@MEAA_JAEAUDRAGDROPINFO@@IPEAVListBoxOwnerDraw@@@Z 0000000180009aae f   UtilsGui:UtilsGui.dll
 0001:00008ab4       ?LBItemDraggedAndDropped@TakionDialog@@MEAAXIGG@Z 0000000180009ab4 f   UtilsGui:UtilsGui.dll
 0001:00008aba       ?LBDragDropDone@TakionDialog@@MEAAXIHH@Z 0000000180009aba f   UtilsGui:UtilsGui.dll
 0001:00008ac0       ?LBDragDropAbort@TakionDialog@@MEAAXIH@Z 0000000180009ac0 f   UtilsGui:UtilsGui.dll
 0001:00008ac6       ?ItemDropped@TakionDialog@@MEAAHPEAUHWND__@@PEAVListBoxOwnerDraw@@IPEAXAEAH@Z 0000000180009ac6 f   UtilsGui:UtilsGui.dll
 0001:00008acc       ?ResizeMouseArea@TakionDialog@@MEAA_NAEBVCPoint@@@Z 0000000180009acc f   UtilsGui:UtilsGui.dll
 0001:00008ad2       ?UpdateResizeCursor@TakionDialog@@MEAAEAEBVCPoint@@_N@Z 0000000180009ad2 f   UtilsGui:UtilsGui.dll
 0001:00008ad8       ?DoActivate@TakionDialog@@MEAAXI_N@Z 0000000180009ad8 f   UtilsGui:UtilsGui.dll
 0001:00008ade       ?DoPaint@TakionDialog@@MEAAXAEBUtagRECT@@AEAVCDC@@@Z 0000000180009ade f   UtilsGui:UtilsGui.dll
 0001:00008ae4       ?DoAdditionalPaint@TakionDialog@@MEAAXAEBUtagRECT@@AEAVCDC@@@Z 0000000180009ae4 f   UtilsGui:UtilsGui.dll
 0001:00008aea       ?Resize@TakionDialog@@MEAAX_N0@Z 0000000180009aea f   UtilsGui:UtilsGui.dll
 0001:00008af0       ?AfterControlsResized@TakionDialog@@MEAAX_N0@Z 0000000180009af0 f   UtilsGui:UtilsGui.dll
 0001:00008af6       ?CreateToolTip@TakionDialog@@MEAA_NXZ 0000000180009af6 f   UtilsGui:UtilsGui.dll
 0001:00008afc       ?DestroyToolTip@TakionDialog@@MEAA_NXZ 0000000180009afc f   UtilsGui:UtilsGui.dll
 0001:00008b02       ?ToolTipsEnabled@TakionDialog@@MEAAX_N@Z 0000000180009b02 f   UtilsGui:UtilsGui.dll
 0001:00008b08       ?InitializeToolTips@TakionDialog@@MEAA_NXZ 0000000180009b08 f   UtilsGui:UtilsGui.dll
 0001:00008b0e       ?PropagateToolTipsEnabled@TakionDialog@@MEAA_N_N@Z 0000000180009b0e f   UtilsGui:UtilsGui.dll
 0001:00008b14       ?ActiveRectChanged@TakionDialog@@MEAAXXZ 0000000180009b14 f   UtilsGui:UtilsGui.dll
 0001:00008b1a       ?AddActiveRectMenuItems@TakionDialog@@MEAAXAEAVCMenu@@PEBVActiveRect@@@Z 0000000180009b1a f   UtilsGui:UtilsGui.dll
 0001:00008b20       ?DoDisplaySelection@TakionDialog@@MEAA_NAEBVCRect@@_N1@Z 0000000180009b20 f   UtilsGui:UtilsGui.dll
 0001:00008b26       ?NoActiveRectPressed@TakionDialog@@MEAA_NXZ 0000000180009b26 f   UtilsGui:UtilsGui.dll
 0001:00008b2c       ?OnMakeSelection@TakionDialog@@MEAAXXZ 0000000180009b2c f   UtilsGui:UtilsGui.dll
 0001:00008b32       ?isModified@TakionSettingDialog@@UEBA_NXZ 0000000180009b32 f   UtilsGui:UtilsGui.dll
 0001:00008b38       ?isForceApply@TakionSettingDialog@@UEBA_NXZ 0000000180009b38 f   UtilsGui:UtilsGui.dll
 0001:00008b3e       ?PrepareForSavingLayout@TakionSettingDialog@@UEAAXXZ 0000000180009b3e f   UtilsGui:UtilsGui.dll
 0001:00008b44       ?UpdateSettings@TakionSettingDialog@@UEAAXXZ 0000000180009b44 f   UtilsGui:UtilsGui.dll
 0001:00008b4a       ?UpdateControls@TakionSettingDialog@@UEAAXXZ 0000000180009b4a f   UtilsGui:UtilsGui.dll
 0001:00008b50       ?PostInitDialog@TakionSettingDialog@@UEAAXXZ 0000000180009b50 f   UtilsGui:UtilsGui.dll
 0001:00008b56       ?UpdateLeafControls@TakionSettingDialog@@UEAAXXZ 0000000180009b56 f   UtilsGui:UtilsGui.dll
 0001:00008b5c       ?isActiveTab@TakionSettingPageBase@@UEBA_NXZ 0000000180009b5c f   UtilsGui:UtilsGui.dll
 0001:00008b62       ?GetSettingDialogs@TakionSettingDialog@@UEAAPEAV?$vector@PEAVTakionSettingDialog@@V?$allocator@PEAVTakionSettingDialog@@@std@@@std@@XZ 0000000180009b62 f   UtilsGui:UtilsGui.dll
 0001:00008b68       ?isLeaf@TakionSettingPageBase@@UEBA_NXZ 0000000180009b68 f   UtilsGui:UtilsGui.dll
 0001:00008b6e       ?SetTabToOpen@TakionSettingDialog@@UEAA_NPEBDPEBX@Z 0000000180009b6e f   UtilsGui:UtilsGui.dll
 0001:00008b74       ?SetInitialTab@TakionSettingDialog@@UEAAXXZ 0000000180009b74 f   UtilsGui:UtilsGui.dll
 0001:00008b7a       ?GetLevel@TakionSettingPageBase@@UEBAIXZ 0000000180009b7a f   UtilsGui:UtilsGui.dll
 0001:00008b80       ?GetCurrentTab@TakionSettingDialog@@UEBAHXZ 0000000180009b80 f   UtilsGui:UtilsGui.dll
 0001:00008b86       ?GetMainTabDialog@TakionSettingDialog@@UEBAPEBVTakionSettingTabDialog@@XZ 0000000180009b86 f   UtilsGui:UtilsGui.dll
 0001:00008b8c       ?GetMainTabDialog@TakionSettingDialog@@UEAAPEAVTakionSettingTabDialog@@XZ 0000000180009b8c f   UtilsGui:UtilsGui.dll
 0001:00008b92       ?GetTopDialogWidth@TakionSettingDialog@@UEBAHXZ 0000000180009b92 f   UtilsGui:UtilsGui.dll
 0001:00008b98       ?GetTopDialogHeight@TakionSettingDialog@@UEBAHXZ 0000000180009b98 f   UtilsGui:UtilsGui.dll
 0001:00008b9e       ?RestoreLayout@TakionSettingDialog@@UEAAXXZ 0000000180009b9e f   UtilsGui:UtilsGui.dll
 0001:00008ba4       ?SameLayoutOnRestore@TakionSettingDialog@@UEAAXXZ 0000000180009ba4 f   UtilsGui:UtilsGui.dll
 0001:00008baa       ?GetOkButton@TakionSettingDialog@@UEAAAEAVCButton@@XZ 0000000180009baa f   UtilsGui:UtilsGui.dll
 0001:00008bb0       ?GetApplyButton@TakionSettingDialog@@UEAAAEAVCButton@@XZ 0000000180009bb0 f   UtilsGui:UtilsGui.dll
 0001:00008bb6       ?GetOnTopCheckBox@TakionSettingDialog@@UEAAAEAVCButton@@XZ 0000000180009bb6 f   UtilsGui:UtilsGui.dll
 0001:00008bbc       ?GetToolTipsCheckBox@TakionSettingDialog@@UEAAAEAVCButton@@XZ 0000000180009bbc f   UtilsGui:UtilsGui.dll
 0001:00008bc2       ?GetCancelButton@TakionSettingDialog@@UEAAAEAVCButton@@XZ 0000000180009bc2 f   UtilsGui:UtilsGui.dll
 0001:00008bc8       ?GetHelpButton@TakionSettingDialog@@UEAAAEAVCButton@@XZ 0000000180009bc8 f   UtilsGui:UtilsGui.dll
 0001:00008bce       ?EnableApplyButton@TakionSettingDialog@@UEAAX_N@Z 0000000180009bce f   UtilsGui:UtilsGui.dll
 0001:00008bd4       ?EnableOkButton@TakionSettingDialog@@UEAAX_N@Z 0000000180009bd4 f   UtilsGui:UtilsGui.dll
 0001:00008bda       ?isAlarm@TakionSettingPageBase@@UEBA_NXZ 0000000180009bda f   UtilsGui:UtilsGui.dll
 0001:00008be0       ?SetAlarm@TakionSettingPageBase@@UEAAX_NI@Z 0000000180009be0 f   UtilsGui:UtilsGui.dll
 0001:00008be6       ?OnPageCommand@TakionSettingDialog@@UEAA_NK@Z 0000000180009be6 f   UtilsGui:UtilsGui.dll
 0001:00008bec       ?AddPageMenuItems@TakionSettingDialog@@UEBAXAEAVCMenu@@AEBVCPoint@@@Z 0000000180009bec f   UtilsGui:UtilsGui.dll
 0001:00008bf2       ?DrawPageMenuItems@TakionSettingDialog@@UEBA_NPEBUtagDRAWITEMSTRUCT@@@Z 0000000180009bf2 f   UtilsGui:UtilsGui.dll
 0001:00008bf8       ?MeasurePageMenuItems@TakionSettingDialog@@UEBA_NPEAUtagMEASUREITEMSTRUCT@@@Z 0000000180009bf8 f   UtilsGui:UtilsGui.dll
 0001:00008bfe       ?SetupControls@TakionSettingDialog@@MEAAXXZ 0000000180009bfe f   UtilsGui:UtilsGui.dll
 0001:00008c04       ?NullifyInitInfo@TakionSettingDialog@@MEAAXXZ 0000000180009c04 f   UtilsGui:UtilsGui.dll
 0001:00008c0a       ?DoApplyInitInfo@TakionSettingDialog@@MEAAXXZ 0000000180009c0a f   UtilsGui:UtilsGui.dll
 0001:00008c10       ?DestroyInitInfo@TakionSettingDialog@@MEAAXPEBX@Z 0000000180009c10 f   UtilsGui:UtilsGui.dll
 0001:00008c16       ?SetActiveTab@TakionSettingPageBase@@MEAAX_N@Z 0000000180009c16 f   UtilsGui:UtilsGui.dll
 0001:00008c1c       ?SettingPageDestroyed@TakionSettingPageBase@@MEAAXXZ 0000000180009c1c f   UtilsGui:UtilsGui.dll
 0001:00008c22       ?isExecuteCommands@TakionDialogInterface@@UEBA_NXZ 0000000180009c22 f   UtilsGui:UtilsGui.dll
 0001:00008c28       ?isCloseOnCommandExecution@TakionDialogInterface@@UEBA_NXZ 0000000180009c28 f   UtilsGui:UtilsGui.dll
 0001:00008c2e       ?CloseDialog@TakionSettingDialog@@UEAAXXZ 0000000180009c2e f   UtilsGui:UtilsGui.dll
 0001:00008c34       ?AdjustFrameRect@TakionDialog@@UEAAXXZ 0000000180009c34 f   UtilsGui:UtilsGui.dll
 0001:00008c3a       ?OffsetFrameRectAndMove@TakionDialog@@UEAAXHH@Z 0000000180009c3a f   UtilsGui:UtilsGui.dll
 0001:00008c40       ?DragWindow@TakionDialog@@UEAAXHH@Z 0000000180009c40 f   UtilsGui:UtilsGui.dll
 0001:00008c46       ?SetFrameRect@TakionDialog@@UEAAXAEBVCRect@@@Z 0000000180009c46 f   UtilsGui:UtilsGui.dll
 0001:00008c4c       ?MoveToFrameRect@TakionDialog@@UEAAXXZ 0000000180009c4c f   UtilsGui:UtilsGui.dll
 0001:00008c52       ?UpdateSystemRects@TakionDialogInterface@@UEAAXXZ 0000000180009c52 f   UtilsGui:UtilsGui.dll
 0001:00008c58       ?GetInsideScreen@TakionDialogInterface@@UEBA_NAEAVCRect@@@Z 0000000180009c58 f   UtilsGui:UtilsGui.dll
 0001:00008c5e       ?OnMouseForcedReleaseCapture@TakionDialog@@UEAAXXZ 0000000180009c5e f   UtilsGui:UtilsGui.dll
 0001:00008c64       ?GetHwnd@TakionDialog@@UEBAPEAUHWND__@@XZ 0000000180009c64 f   UtilsGui:UtilsGui.dll
 0001:00008c6a       ?GetIniFileName@ConfigBase@@UEBAPEBDXZ 0000000180009c6a f   UtilsGui:UtilsGui.dll
 0001:00008c70       ?GetLogFileName@ConfigBase@@UEBAPEBDXZ 0000000180009c70 f   UtilsGui:UtilsGui.dll
 0001:00008c76       ?GetPosFileName@ConfigBase@@UEBAPEBDXZ 0000000180009c76 f   UtilsGui:UtilsGui.dll
 0001:00008c7c       ?isSettingNameToRead@ConfigBase@@UEBA_NIAEBV?$basic_string@DU?$char_traits@D@std@@V?$allocator@D@2@@std@@@Z 0000000180009c7c f   UtilsGui:UtilsGui.dll
 0001:00008c82       ?GetFlagCount@ConfigBase@@UEBAEXZ 0000000180009c82 f   UtilsGui:UtilsGui.dll
 0001:00008c88       ?AdjustOldVersion@ConfigBase@@MEAAXXZ 0000000180009c88 f   UtilsGui:UtilsGui.dll
 0001:00008c8e       ?PreReadSetting@ConfigBase@@MEAA_NPEAVSetting@@AEBV?$basic_string@DU?$char_traits@D@std@@V?$allocator@D@2@@std@@PEBD@Z 0000000180009c8e f   UtilsGui:UtilsGui.dll
 0001:00008c94       ?GetMessageMap@TakionMessageBox@@MEBAPEBUAFX_MSGMAP@@XZ 0000000180009c94 f   UtilsGui:UtilsGui.dll
 0001:00008c9a       ?DoDataExchange@TakionMessageBox@@MEAAXPEAVCDataExchange@@@Z 0000000180009c9a f   UtilsGui:UtilsGui.dll
 0001:00008ca0       ?PreTranslateMessage@TakionMessageBox@@MEAAHPEAUtagMSG@@@Z 0000000180009ca0 f   UtilsGui:UtilsGui.dll
 0001:00008ca6       ?OnInitDialog@TakionMessageBox@@MEAAHXZ 0000000180009ca6 f   UtilsGui:UtilsGui.dll
 0001:00008cac       ?OnOK@TakionMessageBox@@UEAAXXZ 0000000180009cac f   UtilsGui:UtilsGui.dll
 0001:00008cb2       ?OnCancel@TakionMessageBox@@UEAAXXZ 0000000180009cb2 f   UtilsGui:UtilsGui.dll
 0001:00008cb8       ?GetBkColor@ColoredDraggableDialog@@UEBAKXZ 0000000180009cb8 f   UtilsGui:UtilsGui.dll
 0001:00008cbe       ?GetBkBrush@ColoredDraggableDialog@@UEBAPEAVCBrush@@XZ 0000000180009cbe f   UtilsGui:UtilsGui.dll
 0001:00008cc4       ?GetCurrentLeaf@TakionDialog@@UEBAPEBVTakionSettingDialog@@XZ 0000000180009cc4 f   UtilsGui:UtilsGui.dll
 0001:00008cca       ?GetCurrentLeaf@TakionDialog@@UEAAPEAVTakionSettingDialog@@XZ 0000000180009cca f   UtilsGui:UtilsGui.dll
 0001:00008cd0       ?Apply@TakionDialog@@UEAAXXZ 0000000180009cd0 f   UtilsGui:UtilsGui.dll
 0001:00008cd6       ?isPointForRButtonMenuOk@TakionDialog@@UEBA_NIVCPoint@@@Z 0000000180009cd6 f   UtilsGui:UtilsGui.dll
 0001:00008cdc       ?isPointForNcRButtonMenuOk@TakionDialog@@UEBA_NIVCPoint@@@Z 0000000180009cdc f   UtilsGui:UtilsGui.dll
 0001:00008ce2       ?isTooltipConfigValid@TakionDialog@@UEBA_NXZ 0000000180009ce2 f   UtilsGui:UtilsGui.dll
 0001:00008ce8       ?isToolTipsEnabledAdditional@TakionDialog@@UEBA_NXZ 0000000180009ce8 f   UtilsGui:UtilsGui.dll
 0001:00008cee       ?isToolTipsEnabled@TakionDialog@@UEBA_NXZ 0000000180009cee f   UtilsGui:UtilsGui.dll
 0001:00008cf4       ?DisplayMenu@TakionDialog@@MEAAXAEBVCPoint@@@Z 0000000180009cf4 f   UtilsGui:UtilsGui.dll
 0001:00008cfa       ?isCloseOnEnter@TakionDialog@@MEBA_NXZ 0000000180009cfa f   UtilsGui:UtilsGui.dll
 0001:00008d00       ?BeforeDestroy@TakionMessageBox@@MEAAXXZ 0000000180009d00 f   UtilsGui:UtilsGui.dll
 0001:00008d06       ?AfterClose@ColoredDraggableDialog@@MEAAXXZ 0000000180009d06 f   UtilsGui:UtilsGui.dll
 0001:00008d0c       ?DoPaint@TakionMessageBox@@MEAAXAEBUtagRECT@@AEAVCDC@@@Z 0000000180009d0c f   UtilsGui:UtilsGui.dll
 0001:00008d12       ?Resize@TakionMessageBox@@MEAAX_N0@Z 0000000180009d12 f   UtilsGui:UtilsGui.dll
 0001:00008d18       ?SetBkColor@ColoredDraggableDialog@@UEAAXK@Z 0000000180009d18 f   UtilsGui:UtilsGui.dll
 0001:00008d1e       ?OnBlink@TakionMessageBox@@MEAAXXZ 0000000180009d1e f   UtilsGui:UtilsGui.dll
 0001:00008d24       ?UpdateColors@TakionMessageBox@@UEAAXXZ 0000000180009d24 f   UtilsGui:UtilsGui.dll
 0001:00008d2a       ?PrepareToDisplay@TakionMessageBox@@MEAA_JPEAVCWnd@@PEBDIKKKKKKI111@Z 0000000180009d2a f   UtilsGui:UtilsGui.dll
 0001:00008d30       ?FillControls@TakionMessageBox@@MEAAXXZ 0000000180009d30 f   UtilsGui:UtilsGui.dll
 0001:00008d36       ?CalculateSize@TakionMessageBox@@MEAAXXZ 0000000180009d36 f   UtilsGui:UtilsGui.dll
 0001:00008d3c       ?GetMessageMap@TakionPopupWnd@@MEBAPEBUAFX_MSGMAP@@XZ 0000000180009d3c f   UtilsGui:UtilsGui.dll
 0001:00008d42       ?PreCreateWindow@TakionPopupWnd@@MEAAHAEAUtagCREATESTRUCTA@@@Z 0000000180009d42 f   UtilsGui:UtilsGui.dll
 0001:00008d48       ?OnCommand@TakionFrame@@MEAAH_K_J@Z 0000000180009d48 f   UtilsGui:UtilsGui.dll
 0001:00008d4e       ?OnNotify@TakionBaseWnd@@MEAAH_K_JPEA_J@Z 0000000180009d4e f   UtilsGui:UtilsGui.dll
 0001:00008d54       ?PostNcDestroy@TakionFrame@@MEAAXXZ 0000000180009d54 f   UtilsGui:UtilsGui.dll
 0001:00008d5a       ?isChild@TakionBaseWnd@@UEBA_NXZ 0000000180009d5a f   UtilsGui:UtilsGui.dll
 0001:00008d60       ?GetToolId@TakionBaseWnd@@UEBAPEBDXZ 0000000180009d60 f   UtilsGui:UtilsGui.dll
 0001:00008d66       ?GetDefaultGraphicsId@TakionBaseWnd@@UEBA?AV?$basic_string@DU?$char_traits@D@std@@V?$allocator@D@2@@std@@XZ 0000000180009d66 f   UtilsGui:UtilsGui.dll
 0001:00008d6c       ?GetTakionInstanceHandle@TakionPopupWnd@@UEBAPEAUHINSTANCE__@@XZ 0000000180009d6c f   UtilsGui:UtilsGui.dll
 0001:00008d72       ?DrawMenuItem@TakionFrame@@MEAAXPEAUtagDRAWITEMSTRUCT@@@Z 0000000180009d72 f   UtilsGui:UtilsGui.dll
 0001:00008d78       ?MeasureMenuItem@TakionFrame@@MEAA_NPEAUtagMEASUREITEMSTRUCT@@@Z 0000000180009d78 f   UtilsGui:UtilsGui.dll
 0001:00008d7e       ?OnMouseForcedReleaseCapture@TakionFrame@@MEAAXXZ 0000000180009d7e f   UtilsGui:UtilsGui.dll
 0001:00008d84       ?NcMouseEntered@TakionBaseWnd@@MEAAXXZ 0000000180009d84 f   UtilsGui:UtilsGui.dll
 0001:00008d8a       ?NcMouseLeft@TakionBaseWnd@@MEAAXXZ 0000000180009d8a f   UtilsGui:UtilsGui.dll
 0001:00008d90       ?GetBkColor@TakionPopupWnd@@UEBAKXZ 0000000180009d90 f   UtilsGui:UtilsGui.dll
 0001:00008d96       ?GetTitleColorActive@TakionFrame@@UEBAKXZ 0000000180009d96 f   UtilsGui:UtilsGui.dll
 0001:00008d9c       ?GetTitleColorInactive@TakionFrame@@UEBAKXZ 0000000180009d9c f   UtilsGui:UtilsGui.dll
 0001:00008da2       ?GetTitleColorTextActive@TakionFrame@@UEBAKXZ 0000000180009da2 f   UtilsGui:UtilsGui.dll
 0001:00008da8       ?GetTitleColorTextInactive@TakionFrame@@UEBAKXZ 0000000180009da8 f   UtilsGui:UtilsGui.dll
 0001:00008dae       ?GetWindowName@TakionFrame@@UEBAPEBDXZ 0000000180009dae f   UtilsGui:UtilsGui.dll
 0001:00008db4       ?GetHelpUrl@TakionFrame@@UEBA?AV?$basic_string@DU?$char_traits@D@std@@V?$allocator@D@2@@std@@XZ 0000000180009db4 f   UtilsGui:UtilsGui.dll
 0001:00008dba       ?Help@TakionFrame@@UEAAXXZ 0000000180009dba f   UtilsGui:UtilsGui.dll
 0001:00008dc0       ?GetCurrentFontParams@TakionFrame@@UEBA_NAEAV?$basic_string@DU?$char_traits@D@std@@V?$allocator@D@2@@std@@AEAVFontDescription@@1AEA_NAEAI@Z 0000000180009dc0 f   UtilsGui:UtilsGui.dll
 0001:00008dc6       ?SetCustomFont@TakionFrame@@UEAAXAEBVFontDescription@@_NI@Z 0000000180009dc6 f   UtilsGui:UtilsGui.dll
 0001:00008dcc       ?SetCustomColors@TakionFrame@@UEAAXPEBVGraphics@@PEAVGraphicsColorCollection@@PEBKG_NAEBVFilterStringAsNumberArray@@@Z 0000000180009dcc f   UtilsGui:UtilsGui.dll
 0001:00008dd2       ?toString@TakionFrame@@UEBAXAEAV?$basic_string@DU?$char_traits@D@std@@V?$allocator@D@2@@std@@I@Z 0000000180009dd2 f   UtilsGui:UtilsGui.dll
 0001:00008dd8       ?fromString@TakionFrame@@UEAAXAEAPEBD_K_NI@Z 0000000180009dd8 f   UtilsGui:UtilsGui.dll
 0001:00008dde       ?fromScratch@TakionFrame@@UEAAXXZ 0000000180009dde f   UtilsGui:UtilsGui.dll
 0001:00008de4       ?CreateTakionWnd@TakionPopupWnd@@UEAA_NPEBVCRect@@_N@Z 0000000180009de4 f   UtilsGui:UtilsGui.dll
 0001:00008dea       ?GetSettingsTabPath@TakionFrame@@UEBAPEBDAEBVCPoint@@@Z 0000000180009dea f   UtilsGui:UtilsGui.dll
 0001:00008df0       ?GetSettingsTabInitInfo@TakionFrame@@UEBAPEBXAEBVCPoint@@@Z 0000000180009df0 f   UtilsGui:UtilsGui.dll
 0001:00008df6       ?GetGraphicsTabInitInfo@TakionFrame@@UEBAPEBXAEBVCPoint@@@Z 0000000180009df6 f   UtilsGui:UtilsGui.dll
 0001:00008dfc       ?SetTakionNamedFilter@TakionFrame@@UEAAXPEAVTakionFilter@@AEBV?$basic_string@DU?$char_traits@D@std@@V?$allocator@D@2@@std@@@Z 0000000180009dfc f   UtilsGui:UtilsGui.dll
 0001:00008e02       ?NullifyNamedFilter@TakionFrame@@UEAAXXZ 0000000180009e02 f   UtilsGui:UtilsGui.dll
 0001:00008e08       ?LeaveFilter@TakionFrame@@UEAAXXZ 0000000180009e08 f   UtilsGui:UtilsGui.dll
 0001:00008e0e       ?GetFilter@TakionFrame@@UEBAPEBVTakionFilter@@XZ 0000000180009e0e f   UtilsGui:UtilsGui.dll
 0001:00008e14       ?GetTakionNamedFilter@TakionFrame@@UEBAPEBVTakionFilter@@XZ 0000000180009e14 f   UtilsGui:UtilsGui.dll
 0001:00008e1a       ?SetCommandToolOrdinal@TakionFrame@@UEAAXI@Z 0000000180009e1a f   UtilsGui:UtilsGui.dll
 0001:00008e20       ?GetNormalRect@TakionFrame@@UEBAAEBVCRect@@XZ 0000000180009e20 f   UtilsGui:UtilsGui.dll
 0001:00008e26       ?UpdateSystemRects@TakionFrame@@UEAAXXZ 0000000180009e26 f   UtilsGui:UtilsGui.dll
 0001:00008e2c       ?AdjustFrameRect@TakionFrame@@UEAAXXZ 0000000180009e2c f   UtilsGui:UtilsGui.dll
 0001:00008e32       ?GetHitTest@TakionFrame@@UEBA_JAEBVCPoint@@@Z 0000000180009e32 f   UtilsGui:UtilsGui.dll
 0001:00008e38       ?GetInitialLeft@TakionFrame@@UEBAHXZ 0000000180009e38 f   UtilsGui:UtilsGui.dll
 0001:00008e3e       ?GetInitialTop@TakionFrame@@UEBAHXZ 0000000180009e3e f   UtilsGui:UtilsGui.dll
 0001:00008e44       ?GetInitialWidth@TakionFrame@@UEBAHXZ 0000000180009e44 f   UtilsGui:UtilsGui.dll
 0001:00008e4a       ?GetInitialHeight@TakionFrame@@UEBAHXZ 0000000180009e4a f   UtilsGui:UtilsGui.dll
 0001:00008e50       ?GetSysMenu@TakionFrame@@UEBAPEAVCMenu@@XZ 0000000180009e50 f   UtilsGui:UtilsGui.dll
 0001:00008e56       ?AcceptText@TakionFrame@@UEAAXPEBDI@Z 0000000180009e56 f   UtilsGui:UtilsGui.dll
 0001:00008e5c       ?AcceptPrice@TakionFrame@@UEAAXAEBVPrice@@I@Z 0000000180009e5c f   UtilsGui:UtilsGui.dll
 0001:00008e62       ?AcceptDate@TakionFrame@@UEAAXAEBII@Z 0000000180009e62 f   UtilsGui:UtilsGui.dll
 0001:00008e68       ?ProcessKeyDown@TakionFrame@@UEAA_NEE_NPEAV1@@Z 0000000180009e68 f   UtilsGui:UtilsGui.dll
 0001:00008e6e       ?ProcessKeyUp@TakionFrame@@UEAA_NEEPEAV1@@Z 0000000180009e6e f   UtilsGui:UtilsGui.dll
 0001:00008e74       ?GetScrollHorizontalOffset@TakionFrame@@UEBAHXZ 0000000180009e74 f   UtilsGui:UtilsGui.dll
 0001:00008e7a       ?GetScrollVerticalOffset@TakionFrame@@UEBAHXZ 0000000180009e7a f   UtilsGui:UtilsGui.dll
 0001:00008e80       ?ToggleMaximized@TakionFrame@@UEAA_NXZ 0000000180009e80 f   UtilsGui:UtilsGui.dll
 0001:00008e86       ?isRemoved@TakionFrame@@UEBA_NXZ 0000000180009e86 f   UtilsGui:UtilsGui.dll
 0001:00008e8c       ?isInRectForClientMenu@TakionFrame@@UEBA_NAEBVCPoint@@@Z 0000000180009e8c f   UtilsGui:UtilsGui.dll
 0001:00008e92       ?isTool@TakionFrame@@UEBA_NXZ 0000000180009e92 f   UtilsGui:UtilsGui.dll
 0001:00008e98       ?GetToolOrdinal@TakionFrame@@UEBAAEBIXZ 0000000180009e98 f   UtilsGui:UtilsGui.dll
 0001:00008e9e       ?isCommandTool@TakionFrame@@UEBA_NXZ 0000000180009e9e f   UtilsGui:UtilsGui.dll
 0001:00008ea4       ?GetCommandToolOrdinal@TakionFrame@@UEBAAEBIXZ 0000000180009ea4 f   UtilsGui:UtilsGui.dll
 0001:00008eaa       ?isHidden@TakionFrame@@UEBA_NXZ 0000000180009eaa f   UtilsGui:UtilsGui.dll
 0001:00008eb0       ?GetWorkspace@TakionFrame@@UEBAIXZ 0000000180009eb0 f   UtilsGui:UtilsGui.dll
 0001:00008eb6       ?GetLayer@TakionFrame@@UEBAIXZ 0000000180009eb6 f   UtilsGui:UtilsGui.dll
 0001:00008ebc       ?SetLocked@TakionFrame@@UEAAXAEB_N@Z 0000000180009ebc f   UtilsGui:UtilsGui.dll
 0001:00008ec2       ?CalculateLeft@TakionFrame@@UEBAHXZ 0000000180009ec2 f   UtilsGui:UtilsGui.dll
 0001:00008ec8       ?CalculateTop@TakionFrame@@UEBAHXZ 0000000180009ec8 f   UtilsGui:UtilsGui.dll
 0001:00008ece       ?CalculateRight@TakionFrame@@UEBAHXZ 0000000180009ece f   UtilsGui:UtilsGui.dll
 0001:00008ed4       ?CalculateBottom@TakionFrame@@UEBAHXZ 0000000180009ed4 f   UtilsGui:UtilsGui.dll
 0001:00008eda       ?GetLeft@TakionFrame@@UEBAHXZ 0000000180009eda f   UtilsGui:UtilsGui.dll
 0001:00008ee0       ?GetTop@TakionFrame@@UEBAHXZ 0000000180009ee0 f   UtilsGui:UtilsGui.dll
 0001:00008ee6       ?GetRight@TakionFrame@@UEBAHXZ 0000000180009ee6 f   UtilsGui:UtilsGui.dll
 0001:00008eec       ?GetBottom@TakionFrame@@UEBAHXZ 0000000180009eec f   UtilsGui:UtilsGui.dll
 0001:00008ef2       ?SetFrameRect@TakionFrame@@MEAAXAEBVCRect@@@Z 0000000180009ef2 f   UtilsGui:UtilsGui.dll
 0001:00008ef8       ?AfterCloning@TakionFrame@@MEAAXXZ 0000000180009ef8 f   UtilsGui:UtilsGui.dll
 0001:00008efe       ?AfterPasting@TakionFrame@@MEAAXXZ 0000000180009efe f   UtilsGui:UtilsGui.dll
 0001:00008f04       ?AddToToolCollection@TakionFrame@@MEAA_NXZ 0000000180009f04 f   UtilsGui:UtilsGui.dll
 0001:00008f0a       ?DoApplyFilter@TakionFrame@@MEAAXAEBVTakionFilter@@_N@Z 0000000180009f0a f   UtilsGui:UtilsGui.dll
 0001:00008f10       ?DisplayClientMenu@TakionFrame@@MEAAXIVCPoint@@@Z 0000000180009f10 f   UtilsGui:UtilsGui.dll
 0001:00008f16       ?OffsetFrameRectAndMove@TakionFrame@@MEAAXHH@Z 0000000180009f16 f   UtilsGui:UtilsGui.dll
 0001:00008f1c       ?PreAddMenuItems@TakionFrame@@MEAAXAEAVCMenu@@@Z 0000000180009f1c f   UtilsGui:UtilsGui.dll
 0001:00008f22       ?AddMenuItems@TakionFrame@@MEAAXAEAVCMenu@@@Z 0000000180009f22 f   UtilsGui:UtilsGui.dll
 0001:00008f28       ?PostAddMenuItems@TakionFrame@@MEAAXAEAVCMenu@@@Z 0000000180009f28 f   UtilsGui:UtilsGui.dll
 0001:00008f2e       ?OnSetBkColor@TakionFrame@@MEAAXXZ 0000000180009f2e f   UtilsGui:UtilsGui.dll
 0001:00008f34       ?ResizeMouseArea@TakionFrame@@MEAA_NAEBVCPoint@@_N@Z 0000000180009f34 f   UtilsGui:UtilsGui.dll
 0001:00008f3a       ?UpdateResizeCursor@TakionFrame@@MEAAEAEBVCPoint@@_N@Z 0000000180009f3a f   UtilsGui:UtilsGui.dll
 0001:00008f40       ?DCCreated@TakionFrame@@MEAAXXZ 0000000180009f40 f   UtilsGui:UtilsGui.dll
 0001:00008f46       ?DisplaySystemMenu@TakionFrame@@MEAAXAEBVCPoint@@@Z 0000000180009f46 f   UtilsGui:UtilsGui.dll
 0001:00008f4c       ?BeforeDestroy@TakionPopupWnd@@UEAAXXZ 0000000180009f4c f   UtilsGui:UtilsGui.dll
 0001:00008f52       ?AfterDestroy@TakionFrame@@MEAAXXZ 0000000180009f52 f   UtilsGui:UtilsGui.dll
 0001:00008f58       ?BeforeNcDestroy@TakionFrame@@MEAAXXZ 0000000180009f58 f   UtilsGui:UtilsGui.dll
 0001:00008f5e       ?DoActivate@TakionPopupWnd@@MEAAXI_N@Z 0000000180009f5e f   UtilsGui:UtilsGui.dll
 0001:00008f64       ?MouseEntered@TakionFrame@@MEAAXXZ 0000000180009f64 f   UtilsGui:UtilsGui.dll
 0001:00008f6a       ?MouseLeft@TakionFrame@@MEAAXXZ 0000000180009f6a f   UtilsGui:UtilsGui.dll
 0001:00008f70       ?MouseEnteredClientRect@TakionFrame@@MEAAXXZ 0000000180009f70 f   UtilsGui:UtilsGui.dll
 0001:00008f76       ?MouseLeftClientRect@TakionFrame@@MEAAXXZ 0000000180009f76 f   UtilsGui:UtilsGui.dll
 0001:00008f7c       ?ClientSetCursor@TakionFrame@@MEAA_NXZ 0000000180009f7c f   UtilsGui:UtilsGui.dll
 0001:00008f82       ?DoPaint@TakionPopupWnd@@MEAAXAEBUtagRECT@@AEAVCDC@@@Z 0000000180009f82 f   UtilsGui:UtilsGui.dll
 0001:00008f88       ?DoSize@TakionPopupWnd@@MEAAXIHHHH@Z 0000000180009f88 f   UtilsGui:UtilsGui.dll
 0001:00008f8e       ?CalculateWindowRect@TakionFrame@@MEAAXHHHH@Z 0000000180009f8e f   UtilsGui:UtilsGui.dll
 0001:00008f94       ?PreSuccessfulCreate@TakionFrame@@MEAAXXZ 0000000180009f94 f   UtilsGui:UtilsGui.dll
 0001:00008f9a       ?OnSuccessfulCreate@TakionPopupWnd@@MEAAXXZ 0000000180009f9a f   UtilsGui:UtilsGui.dll
 0001:00008fa0       ?DoMinimize@TakionFrame@@MEAAXI_J@Z 0000000180009fa0 f   UtilsGui:UtilsGui.dll
 0001:00008fa6       ?DoRestore@TakionFrame@@MEAAXI_J@Z 0000000180009fa6 f   UtilsGui:UtilsGui.dll
 0001:00008fac       ?RemoveFromVisibleTools@TakionFrame@@MEAA_NXZ 0000000180009fac f   UtilsGui:UtilsGui.dll
 0001:00008fb2       ?AddToVisibleTools@TakionFrame@@MEAAXXZ 0000000180009fb2 f   UtilsGui:UtilsGui.dll
 0001:00008fb8       ?OnTitleResize@TakionFrame@@MEAAXXZ 0000000180009fb8 f   UtilsGui:UtilsGui.dll
 0001:00008fbe       ?DelayedCreationDone@TakionFrame@@MEAAXXZ 0000000180009fbe f   UtilsGui:UtilsGui.dll
 0001:00008fc4       ?GetInsideScreen@TakionPopupWnd@@UEBA_NAEAVCRect@@@Z 0000000180009fc4 f   UtilsGui:UtilsGui.dll
 0001:00008fca       ?TitleFontChanged@TakionFrame@@MEAAXXZ 0000000180009fca f   UtilsGui:UtilsGui.dll
 0001:00008fd0       ?Renew@TakionPopupWnd@@UEAAXXZ 0000000180009fd0 f   UtilsGui:UtilsGui.dll
 0001:00008fd6       ?UpdateColors@TakionPopupWnd@@UEAAXXZ 0000000180009fd6 f   UtilsGui:UtilsGui.dll
 0001:00008fdc       ?OnBlink@TakionPopupWnd@@MEAAXXZ 0000000180009fdc f   UtilsGui:UtilsGui.dll
 0001:00008fe2       ?PrepareToDisplay@TakionPopupWnd@@MEAA_JPEAVCWnd@@PEBDIKKKKKKI111@Z 0000000180009fe2 f   UtilsGui:UtilsGui.dll
 0001:00008fe8       ?CalculateSize@TakionPopupWnd@@MEAAXXZ 0000000180009fe8 f   UtilsGui:UtilsGui.dll
 0001:00008fee       ?MoveFrameRectToInitialPos@TakionPopupWnd@@MEAAXXZ 0000000180009fee f   UtilsGui:UtilsGui.dll
 0001:00008ff4       ?GetMessageMap@TakionSettingTabDialog@@MEBAPEBUAFX_MSGMAP@@XZ 0000000180009ff4 f   UtilsGui:UtilsGui.dll
 0001:00008ffa       ?OnNotify@TakionSettingTabDialog@@MEAAH_K_JPEA_J@Z 0000000180009ffa f   UtilsGui:UtilsGui.dll
 0001:00009000       ?DoDataExchange@TakionSettingTabDialog@@MEAAXPEAVCDataExchange@@@Z 000000018000a000 f   UtilsGui:UtilsGui.dll
 0001:00009006       ?OnInitDialog@TakionSettingTabDialog@@MEAAHXZ 000000018000a006 f   UtilsGui:UtilsGui.dll
 0001:0000900c       ?GetCurrentLeaf@TakionSettingTabDialog@@UEBAPEBVTakionSettingDialog@@XZ 000000018000a00c f   UtilsGui:UtilsGui.dll
 0001:00009012       ?GetCurrentLeaf@TakionSettingTabDialog@@UEAAPEAVTakionSettingDialog@@XZ 000000018000a012 f   UtilsGui:UtilsGui.dll
 0001:00009018       ?GetFirstTabControl@TakionSettingTabDialog@@UEBAPEAUHWND__@@XZ 000000018000a018 f   UtilsGui:UtilsGui.dll
 0001:0000901e       ?Entering@TakionSettingTabDialog@@MEAAXXZ 000000018000a01e f   UtilsGui:UtilsGui.dll
 0001:00009024       ?Leaving@TakionSettingTabDialog@@MEAAXXZ 000000018000a024 f   UtilsGui:UtilsGui.dll
 0001:0000902a       ?FinishDialog@TakionSettingTabDialog@@MEAAXH@Z 000000018000a02a f   UtilsGui:UtilsGui.dll
 0001:00009030       ?Resize@TakionSettingTabDialog@@MEAAX_N0@Z 000000018000a030 f   UtilsGui:UtilsGui.dll
 0001:00009036       ?PropagateToolTipsEnabled@TakionSettingTabDialog@@MEAA_N_N@Z 000000018000a036 f   UtilsGui:UtilsGui.dll
 0001:0000903c       ?PrepareForSavingLayout@TakionSettingTabDialog@@UEAAXXZ 000000018000a03c f   UtilsGui:UtilsGui.dll
 0001:00009042       ?UpdateSettings@TakionSettingTabDialog@@UEAAXXZ 000000018000a042 f   UtilsGui:UtilsGui.dll
 0001:00009048       ?UpdateControls@TakionSettingTabDialog@@UEAAXXZ 000000018000a048 f   UtilsGui:UtilsGui.dll
 0001:0000904e       ?UpdateLeafControls@TakionSettingTabDialog@@UEAAXXZ 000000018000a04e f   UtilsGui:UtilsGui.dll
 0001:00009054       ?isActiveTab@TakionSettingDialog@@UEBA_NXZ 000000018000a054 f   UtilsGui:UtilsGui.dll
 0001:0000905a       ?GetSettingDialogs@TakionSettingTabDialog@@UEAAPEAV?$vector@PEAVTakionSettingDialog@@V?$allocator@PEAVTakionSettingDialog@@@std@@@std@@XZ 000000018000a05a f   UtilsGui:UtilsGui.dll
 0001:00009060       ?isLeaf@TakionSettingDialog@@UEBA_NXZ 000000018000a060 f   UtilsGui:UtilsGui.dll
 0001:00009066       ?SetTabToOpen@TakionSettingTabDialog@@UEAA_NPEBDPEBX@Z 000000018000a066 f   UtilsGui:UtilsGui.dll
 0001:0000906c       ?SetInitialTab@TakionSettingTabDialog@@UEAAXXZ 000000018000a06c f   UtilsGui:UtilsGui.dll
 0001:00009072       ?GetLevel@TakionSettingTabDialog@@UEBAIXZ 000000018000a072 f   UtilsGui:UtilsGui.dll
 0001:00009078       ?GetCurrentTab@TakionSettingTabDialog@@UEBAHXZ 000000018000a078 f   UtilsGui:UtilsGui.dll
 0001:0000907e       ?GetMainTabDialog@TakionSettingTabDialog@@UEBAPEBV1@XZ 000000018000a07e f   UtilsGui:UtilsGui.dll
 0001:00009084       ?GetMainTabDialog@TakionSettingTabDialog@@UEAAPEAV1@XZ 000000018000a084 f   UtilsGui:UtilsGui.dll
 0001:0000908a       ?GetTopDialogWidth@TakionSettingTabDialog@@UEBAHXZ 000000018000a08a f   UtilsGui:UtilsGui.dll
 0001:00009090       ?GetTopDialogHeight@TakionSettingTabDialog@@UEBAHXZ 000000018000a090 f   UtilsGui:UtilsGui.dll
 0001:00009096       ?RestoreLayout@TakionSettingTabDialog@@UEAAXXZ 000000018000a096 f   UtilsGui:UtilsGui.dll
 0001:0000909c       ?SameLayoutOnRestore@TakionSettingTabDialog@@UEAAXXZ 000000018000a09c f   UtilsGui:UtilsGui.dll
 0001:000090a2       ?isAlarm@TakionSettingTabDialog@@UEBA_NXZ 000000018000a0a2 f   UtilsGui:UtilsGui.dll
 0001:000090a8       ?SetAlarm@TakionSettingTabDialog@@UEAAX_NI@Z 000000018000a0a8 f   UtilsGui:UtilsGui.dll
 0001:000090ae       ?NullifyInitInfo@TakionSettingTabDialog@@MEAAXXZ 000000018000a0ae f   UtilsGui:UtilsGui.dll
 0001:000090b4       ?DoApplyInitInfo@TakionSettingTabDialog@@MEAAXXZ 000000018000a0b4 f   UtilsGui:UtilsGui.dll
 0001:000090ba       ?SetActiveTab@TakionSettingTabDialog@@MEAAX_N@Z 000000018000a0ba f   UtilsGui:UtilsGui.dll
 0001:000090c0       ?GetRightMargin@TakionSettingTabDialog@@UEBAHXZ 000000018000a0c0 f   UtilsGui:UtilsGui.dll
 0001:000090c6       ?TabNcDoubleClicked@TakionSettingTabDialog@@UEAAXXZ 000000018000a0c6 f   UtilsGui:UtilsGui.dll
 0001:000090cc       ?isExtensionMainDialog@TakionSettingTabDialog@@UEBA_NXZ 000000018000a0cc f   UtilsGui:UtilsGui.dll
 0001:000090d2       ?isLeafRButtonMenuOk@TakionSettingTabDialog@@UEBA_NXZ 000000018000a0d2 f   UtilsGui:UtilsGui.dll
 0001:000090d8       ?isLeafNcRButtonMenuOk@TakionSettingTabDialog@@UEBA_NXZ 000000018000a0d8 f   UtilsGui:UtilsGui.dll
 0001:000090de       ?DisplayPageMenu@TakionSettingTabDialog@@MEAAXPEAVTakionSettingPageBase@@AEBVCPoint@@@Z 000000018000a0de f   UtilsGui:UtilsGui.dll
 0001:000090e4       ?SettingTabDestroyed@TakionSettingTabDialog@@MEAAXXZ 000000018000a0e4 f   UtilsGui:UtilsGui.dll
 0001:000090ea       ?GetMessageMap@ExtensionMainDialogBase@@MEBAPEBUAFX_MSGMAP@@XZ 000000018000a0ea f   UtilsGui:UtilsGui.dll
 0001:000090f0       ?DoDataExchange@ExtensionMainDialogBase@@MEAAXPEAVCDataExchange@@@Z 000000018000a0f0 f   UtilsGui:UtilsGui.dll
 0001:000090f6       ?Apply@TakionSettingTopDialog@@UEAAXXZ 000000018000a0f6 f   UtilsGui:UtilsGui.dll
 0001:000090fc       ?isTooltipConfigValid@ExtensionMainDialogBase@@UEBA_NXZ 000000018000a0fc f   UtilsGui:UtilsGui.dll
 0001:00009102       ?isToolTipsEnabledAdditional@ExtensionMainDialogBase@@UEBA_NXZ 000000018000a102 f   UtilsGui:UtilsGui.dll
 0001:00009108       ?isToolTipsEnabled@ExtensionMainDialogBase@@UEBA_NXZ 000000018000a108 f   UtilsGui:UtilsGui.dll
 0001:0000910e       ?isCloseOnEnter@TakionSettingTopDialog@@MEBA_NXZ 000000018000a10e f   UtilsGui:UtilsGui.dll
 0001:00009114       ?FinishDialog@ExtensionMainDialogBase@@MEAAXH@Z 000000018000a114 f   UtilsGui:UtilsGui.dll
 0001:0000911a       ?DoActivate@ExtensionMainDialogBase@@MEAAXI_N@Z 000000018000a11a f   UtilsGui:UtilsGui.dll
 0001:00009120       ?DoPaint@TakionSettingTopDialog@@MEAAXAEBUtagRECT@@AEAVCDC@@@Z 000000018000a120 f   UtilsGui:UtilsGui.dll
 0001:00009126       ?Resize@TakionSettingTopDialog@@MEAAX_N0@Z 000000018000a126 f   UtilsGui:UtilsGui.dll
 0001:0000912c       ?GetMainTabDialog@TakionSettingTopDialog@@UEBAPEBVTakionSettingTabDialog@@XZ 000000018000a12c f   UtilsGui:UtilsGui.dll
 0001:00009132       ?GetMainTabDialog@TakionSettingTopDialog@@UEAAPEAVTakionSettingTabDialog@@XZ 000000018000a132 f   UtilsGui:UtilsGui.dll
 0001:00009138       ?GetTopDialogWidth@TakionSettingTopDialog@@UEBAHXZ 000000018000a138 f   UtilsGui:UtilsGui.dll
 0001:0000913e       ?GetTopDialogHeight@TakionSettingTopDialog@@UEBAHXZ 000000018000a13e f   UtilsGui:UtilsGui.dll
 0001:00009144       ?GetOkButton@TakionSettingTopDialog@@UEAAAEAVCButton@@XZ 000000018000a144 f   UtilsGui:UtilsGui.dll
 0001:0000914a       ?GetApplyButton@TakionSettingTopDialog@@UEAAAEAVCButton@@XZ 000000018000a14a f   UtilsGui:UtilsGui.dll
 0001:00009150       ?GetOnTopCheckBox@TakionSettingTopDialog@@UEAAAEAVCButton@@XZ 000000018000a150 f   UtilsGui:UtilsGui.dll
 0001:00009156       ?GetToolTipsCheckBox@TakionSettingTopDialog@@UEAAAEAVCButton@@XZ 000000018000a156 f   UtilsGui:UtilsGui.dll
 0001:0000915c       ?GetCancelButton@TakionSettingTopDialog@@UEAAAEAVCButton@@XZ 000000018000a15c f   UtilsGui:UtilsGui.dll
 0001:00009162       ?GetHelpButton@TakionSettingTopDialog@@UEAAAEAVCButton@@XZ 000000018000a162 f   UtilsGui:UtilsGui.dll
 0001:00009168       ?EnableApplyButton@TakionSettingTopDialog@@UEAAX_N@Z 000000018000a168 f   UtilsGui:UtilsGui.dll
 0001:0000916e       ?EnableOkButton@TakionSettingTopDialog@@UEAAX_N@Z 000000018000a16e f   UtilsGui:UtilsGui.dll
 0001:00009174       ?SetAlarm@TakionSettingTopDialog@@UEAAX_NI@Z 000000018000a174 f   UtilsGui:UtilsGui.dll
 0001:0000917a       ?GetRightMargin@TakionSettingTopDialog@@UEBAHXZ 000000018000a17a f   UtilsGui:UtilsGui.dll
 0001:00009180       ?isExtensionMainDialog@ExtensionMainDialogBase@@UEBA_NXZ 000000018000a180 f   UtilsGui:UtilsGui.dll
 0001:00009186       ?isInitializedFromFile@ExtensionMainDialogBase@@UEBA_NXZ 000000018000a186 f   UtilsGui:UtilsGui.dll
 0001:0000918c       ?GetPosRect@ExtensionMainDialogBase@@UEAAXAEAVCRect@@@Z 000000018000a18c f   UtilsGui:UtilsGui.dll
 0001:00009192       ?ExtractIsAlwaysOnTop@ExtensionMainDialogBase@@UEBA_NXZ 000000018000a192 f   UtilsGui:UtilsGui.dll
 0001:00009198       ?ExtractIsShowToolTips@ExtensionMainDialogBase@@UEBA_NXZ 000000018000a198 f   UtilsGui:UtilsGui.dll
 0001:0000919e       ?SaveAlwaysOnTop@ExtensionMainDialogBase@@MEAAX_N@Z 000000018000a19e f   UtilsGui:UtilsGui.dll
 0001:000091a4       ?SaveShowToolTips@ExtensionMainDialogBase@@MEAAX_N@Z 000000018000a1a4 f   UtilsGui:UtilsGui.dll
 0001:000091aa       ?PlaceButtons@ExtensionMainDialogBase@@MEAA_NXZ 000000018000a1aa f   UtilsGui:UtilsGui.dll
 0001:000091b0       ?GetExtensionFilePathAndName@ExtensionMainDialogBase@@UEBAPEBDXZ 000000018000a1b0 f   UtilsGui:UtilsGui.dll
 0001:000091b6       ?OnMouseForcedReleaseCapture@TakionSettingTabDialog@@UEAAXXZ 000000018000a1b6 f   UtilsGui:UtilsGui.dll
 0001:000091bc       ?PreTranslateMessage@ExtensionMainDialog@@MEAAHPEAUtagMSG@@@Z 000000018000a1bc f   TakionGui:TakionGui.dll
 0001:000091c2       ?OnOK@ExtensionMainDialog@@MEAAXXZ 000000018000a1c2 f   TakionGui:TakionGui.dll
 0001:000091c8       ?TabNcDoubleClicked@ExtensionMainDialog@@UEAAXXZ 000000018000a1c8 f   TakionGui:TakionGui.dll
 0001:000091ce       ??3@YAXPEAX@Z              000000018000a1ce f   mfc140:mfc140.dll
 0001:000091d4       ??2@YAPEAX_K@Z             000000018000a1d4 f   mfc140:mfc140.dll
 0001:000091da       ?DrawItem@CButton@@UEAAXPEAUtagDRAWITEMSTRUCT@@@Z 000000018000a1da f   mfc140:mfc140.dll
 0001:000091e0       ?Create@CButton@@UEAAHPEBDKAEBUtagRECT@@PEAVCWnd@@I@Z 000000018000a1e0 f   mfc140:mfc140.dll
 0001:000091e6       ?GetOccDialogInfo@CWnd@@MEAAPEAU_AFX_OCC_DIALOG_INFO@@XZ 000000018000a1e6 f   mfc140:mfc140.dll
 0001:000091ec       ?SetOccDialogInfo@CWnd@@MEAAHPEAU_AFX_OCC_DIALOG_INFO@@@Z 000000018000a1ec f   mfc140:mfc140.dll
 0001:000091f2       ?CreateControlSite@CWnd@@MEAAHPEAVCOleControlContainer@@PEAPEAVCOleControlSite@@IAEBU_GUID@@@Z 000000018000a1f2 f   mfc140:mfc140.dll
 0001:000091f8       ?CreateControlContainer@CWnd@@MEAAHPEAPEAVCOleControlContainer@@@Z 000000018000a1f8 f   mfc140:mfc140.dll
 0001:000091fe       ?IsFrameWnd@CWnd@@UEBAHXZ  000000018000a1fe f   mfc140:mfc140.dll
 0001:00009204       ?CheckAutoCenter@CWnd@@UEAAHXZ 000000018000a204 f   mfc140:mfc140.dll
 0001:0000920a       ?ResizeDynamicLayout@CWnd@@MEAAXXZ 000000018000a20a f   mfc140:mfc140.dll
 0001:00009210       ?OnGesturePressAndTap@CWnd@@MEAAHVCPoint@@J@Z 000000018000a210 f   mfc140:mfc140.dll
 0001:00009216       ?OnGestureTwoFingerTap@CWnd@@MEAAHVCPoint@@@Z 000000018000a216 f   mfc140:mfc140.dll
 0001:0000921c       ?OnGestureRotate@CWnd@@MEAAHVCPoint@@N@Z 000000018000a21c f   mfc140:mfc140.dll
 0001:00009222       ?OnGesturePan@CWnd@@MEAAHVCPoint@@0@Z 000000018000a222 f   mfc140:mfc140.dll
 0001:00009228       ?OnGestureZoom@CWnd@@MEAAHVCPoint@@J@Z 000000018000a228 f   mfc140:mfc140.dll
 0001:0000922e       ?GetGestureStatus@CWnd@@MEAAKVCPoint@@@Z 000000018000a22e f   mfc140:mfc140.dll
 0001:00009234       ?OnTouchInput@CWnd@@MEAAHVCPoint@@HHPEAUtagTOUCHINPUT@@@Z 000000018000a234 f   mfc140:mfc140.dll
 0001:0000923a       ?OnTouchInputs@CWnd@@MEAAHIPEAUtagTOUCHINPUT@@@Z 000000018000a23a f   mfc140:mfc140.dll
 0001:00009240       ?OnChildNotify@CButton@@MEAAHI_K_JPEA_J@Z 000000018000a240 f   mfc140:mfc140.dll
 0001:00009246       ?PostNcDestroy@CWnd@@MEAAXXZ 000000018000a246 f   mfc140:mfc140.dll
 0001:0000924c       ?DefWindowProcA@CWnd@@MEAA_JI_K_J@Z 000000018000a24c f   mfc140:mfc140.dll
 0001:00009252       ?OnWndMsg@CWnd@@MEAAHI_K_JPEA_J@Z 000000018000a252 f   mfc140:mfc140.dll
 0001:00009258       ?WindowProc@CWnd@@MEAA_JI_K_J@Z 000000018000a258 f   mfc140:mfc140.dll
 0001:0000925e       ?OnAmbientProperty@CWnd@@UEAAHPEAVCOleControlSite@@JPEAUtagVARIANT@@@Z 000000018000a25e f   mfc140:mfc140.dll
 0001:00009264       ?PreTranslateMessage@CWnd@@UEAAHPEAUtagMSG@@@Z 000000018000a264 f   mfc140:mfc140.dll
 0001:0000926a       ?GetSuperWndProcAddr@CWnd@@MEAAPEAP6A_JPEAUHWND__@@I_K_J@ZXZ 000000018000a26a f   mfc140:mfc140.dll
 0001:00009270       ?OnNotify@CWnd@@MEAAH_K_JPEA_J@Z 000000018000a270 f   mfc140:mfc140.dll
 0001:00009276       ?OnCommand@CWnd@@MEAAH_K_J@Z 000000018000a276 f   mfc140:mfc140.dll
 0001:0000927c       ?CreateAccessibleProxy@CWnd@@UEAAJ_K_JPEA_J@Z 000000018000a27c f   mfc140:mfc140.dll
 0001:00009282       ?SetProxy@CWnd@@UEAAJPEAUIAccessibleProxy@@@Z 000000018000a282 f   mfc140:mfc140.dll
 0001:00009288       ?put_accValue@CWnd@@UEAAJUtagVARIANT@@PEA_W@Z 000000018000a288 f   mfc140:mfc140.dll
 0001:0000928e       ?put_accName@CWnd@@UEAAJUtagVARIANT@@PEA_W@Z 000000018000a28e f   mfc140:mfc140.dll
 0001:00009294       ?accDoDefaultAction@CWnd@@UEAAJUtagVARIANT@@@Z 000000018000a294 f   mfc140:mfc140.dll
 0001:0000929a       ?accHitTest@CWnd@@UEAAJJJPEAUtagVARIANT@@@Z 000000018000a29a f   mfc140:mfc140.dll
 0001:000092a0       ?accNavigate@CWnd@@UEAAJJUtagVARIANT@@PEAU2@@Z 000000018000a2a0 f   mfc140:mfc140.dll
 0001:000092a6       ?accLocation@CWnd@@UEAAJPEAJ000UtagVARIANT@@@Z 000000018000a2a6 f   mfc140:mfc140.dll
 0001:000092ac       ?accSelect@CWnd@@UEAAJJUtagVARIANT@@@Z 000000018000a2ac f   mfc140:mfc140.dll
 0001:000092b2       ?get_accDefaultAction@CWnd@@UEAAJUtagVARIANT@@PEAPEA_W@Z 000000018000a2b2 f   mfc140:mfc140.dll
 0001:000092b8       ?get_accSelection@CWnd@@UEAAJPEAUtagVARIANT@@@Z 000000018000a2b8 f   mfc140:mfc140.dll
 0001:000092be       ?get_accFocus@CWnd@@UEAAJPEAUtagVARIANT@@@Z 000000018000a2be f   mfc140:mfc140.dll
 0001:000092c4       ?get_accKeyboardShortcut@CWnd@@UEAAJUtagVARIANT@@PEAPEA_W@Z 000000018000a2c4 f   mfc140:mfc140.dll
 0001:000092ca       ?get_accHelpTopic@CWnd@@UEAAJPEAPEA_WUtagVARIANT@@PEAJ@Z 000000018000a2ca f   mfc140:mfc140.dll
 0001:000092d0       ?get_accHelp@CWnd@@UEAAJUtagVARIANT@@PEAPEA_W@Z 000000018000a2d0 f   mfc140:mfc140.dll
 0001:000092d6       ?get_accState@CWnd@@UEAAJUtagVARIANT@@PEAU2@@Z 000000018000a2d6 f   mfc140:mfc140.dll
 0001:000092dc       ?get_accRole@CWnd@@UEAAJUtagVARIANT@@PEAU2@@Z 000000018000a2dc f   mfc140:mfc140.dll
 0001:000092e2       ?get_accDescription@CWnd@@UEAAJUtagVARIANT@@PEAPEA_W@Z 000000018000a2e2 f   mfc140:mfc140.dll
 0001:000092e8       ?get_accValue@CWnd@@UEAAJUtagVARIANT@@PEAPEA_W@Z 000000018000a2e8 f   mfc140:mfc140.dll
 0001:000092ee       ?get_accName@CWnd@@UEAAJUtagVARIANT@@PEAPEA_W@Z 000000018000a2ee f   mfc140:mfc140.dll
 0001:000092f4       ?get_accChild@CWnd@@UEAAJUtagVARIANT@@PEAPEAUIDispatch@@@Z 000000018000a2f4 f   mfc140:mfc140.dll
 0001:000092fa       ?get_accChildCount@CWnd@@UEAAJPEAJ@Z 000000018000a2fa f   mfc140:mfc140.dll
 0001:00009300       ?get_accParent@CWnd@@UEAAJPEAPEAUIDispatch@@@Z 000000018000a300 f   mfc140:mfc140.dll
 0001:00009306       ?EnsureStdObj@CWnd@@UEAAJXZ 000000018000a306 f   mfc140:mfc140.dll
 0001:0000930c       ?OnDrawIconicThumbnailOrLivePreview@CWnd@@UEAAXAEAVCDC@@VCRect@@VCSize@@HAEAH@Z 000000018000a30c f   mfc140:mfc140.dll
 0001:00009312       ?EndModalLoop@CWnd@@UEAAXH@Z 000000018000a312 f   mfc140:mfc140.dll
 0001:00009318       ?ContinueModal@CWnd@@UEAAHXZ 000000018000a318 f   mfc140:mfc140.dll
 0001:0000931e       ?WinHelpInternal@CWnd@@UEAAX_KI@Z 000000018000a31e f   mfc140:mfc140.dll
 0001:00009324       ?HtmlHelpA@CWnd@@UEAAX_KI@Z 000000018000a324 f   mfc140:mfc140.dll
 0001:0000932a       ?WinHelpA@CWnd@@UEAAX_KI@Z 000000018000a32a f   mfc140:mfc140.dll
 0001:00009330       ?GetScrollBarCtrl@CWnd@@UEBAPEAVCScrollBar@@H@Z 000000018000a330 f   mfc140:mfc140.dll
 0001:00009336       ?OnToolHitTest@CWnd@@UEBA_JVCPoint@@PEAUtagTOOLINFOA@@@Z 000000018000a336 f   mfc140:mfc140.dll
 0001:0000933c       ?SetMenu@CWnd@@UEAAHPEAVCMenu@@@Z 000000018000a33c f   mfc140:mfc140.dll
 0001:00009342       ?GetMenu@CWnd@@UEBAPEAVCMenu@@XZ 000000018000a342 f   mfc140:mfc140.dll
 0001:00009348       ?CalcWindowRect@CWnd@@UEAAXPEAUtagRECT@@I@Z 000000018000a348 f   mfc140:mfc140.dll
 0001:0000934e       ?PreCreateWindow@CWnd@@UEAAHAEAUtagCREATESTRUCTA@@@Z 000000018000a34e f   mfc140:mfc140.dll
 0001:00009354       ?DestroyWindow@CWnd@@UEAAHXZ 000000018000a354 f   mfc140:mfc140.dll
 0001:0000935a       ?CreateEx@CWnd@@UEAAHKPEBD0KHHHHPEAUHWND__@@PEAUHMENU__@@PEAX@Z 000000018000a35a f   mfc140:mfc140.dll
 0001:00009360       ?CreateEx@CWnd@@UEAAHKPEBD0KAEBUtagRECT@@PEAV1@IPEAX@Z 000000018000a360 f   mfc140:mfc140.dll
 0001:00009366       ?Create@CWnd@@UEAAHPEBD0KAEBUtagRECT@@PEAV1@IPEAUCCreateContext@@@Z 000000018000a366 f   mfc140:mfc140.dll
 0001:0000936c       ?PreSubclassWindow@CWnd@@UEAAXXZ 000000018000a36c f   mfc140:mfc140.dll
 0001:00009372       ?GetConnectionHook@CCmdTarget@@MEAAPEAUIConnectionPoint@@AEBU_GUID@@@Z 000000018000a372 f   mfc140:mfc140.dll
 0001:00009378       ?GetExtraConnectionPoints@CCmdTarget@@MEAAHPEAVCPtrArray@@@Z 000000018000a378 f   mfc140:mfc140.dll
 0001:0000937e       ?GetInterfaceHook@CCmdTarget@@UEAAPEAUIUnknown@@PEBX@Z 000000018000a37e f   mfc140:mfc140.dll
 0001:00009384       ?OnCreateAggregates@CCmdTarget@@UEAAHXZ 000000018000a384 f   mfc140:mfc140.dll
 0001:0000938a       ?GetEventSinkMap@CCmdTarget@@MEBAPEBUAFX_EVENTSINKMAP@@XZ 000000018000a38a f   mfc140:mfc140.dll
 0001:00009390       ?GetInterfaceMap@CWnd@@MEBAPEBUAFX_INTERFACEMAP@@XZ 000000018000a390 f   mfc140:mfc140.dll
 0001:00009396       ?GetConnectionMap@CCmdTarget@@MEBAPEBUAFX_CONNECTIONMAP@@XZ 000000018000a396 f   mfc140:mfc140.dll
 0001:0000939c       ?GetDispatchMap@CCmdTarget@@MEBAPEBUAFX_DISPMAP@@XZ 000000018000a39c f   mfc140:mfc140.dll
 0001:000093a2       ?GetCommandMap@CCmdTarget@@MEBAPEBUAFX_OLECMDMAP@@XZ 000000018000a3a2 f   mfc140:mfc140.dll
 0001:000093a8       ?GetMessageMap@CWnd@@MEBAPEBUAFX_MSGMAP@@XZ 000000018000a3a8 f   mfc140:mfc140.dll
 0001:000093ae       ?GetTypeLib@CCmdTarget@@UEAAJKPEAPEAUITypeLib@@@Z 000000018000a3ae f   mfc140:mfc140.dll
 0001:000093b4       ?GetTypeLibCache@CCmdTarget@@UEAAPEAVCTypeLibCache@@XZ 000000018000a3b4 f   mfc140:mfc140.dll
 0001:000093ba       ?GetTypeInfoCount@CCmdTarget@@UEAAIXZ 000000018000a3ba f   mfc140:mfc140.dll
 0001:000093c0       ?GetDispatchIID@CCmdTarget@@UEAAHPEAU_GUID@@@Z 000000018000a3c0 f   mfc140:mfc140.dll
 0001:000093c6       ?IsInvokeAllowed@CCmdTarget@@UEAAHJ@Z 000000018000a3c6 f   mfc140:mfc140.dll
 0001:000093cc       ?OnFinalRelease@CWnd@@UEAAXXZ 000000018000a3cc f   mfc140:mfc140.dll
 0001:000093d2       ?OnCmdMsg@CCmdTarget@@UEAAHIHPEAXPEAUAFX_CMDHANDLERINFO@@@Z 000000018000a3d2 f   mfc140:mfc140.dll
 0001:000093d8       ?GetRuntimeClass@CButton@@UEBAPEAUCRuntimeClass@@XZ 000000018000a3d8 f   mfc140:mfc140.dll
 0001:000093de       ?DrawItem@CStatic@@UEAAXPEAUtagDRAWITEMSTRUCT@@@Z 000000018000a3de f   mfc140:mfc140.dll
 0001:000093e4       ?Create@CStatic@@UEAAHPEBDKAEBUtagRECT@@PEAVCWnd@@I@Z 000000018000a3e4 f   mfc140:mfc140.dll
 0001:000093ea       ?OnChildNotify@CStatic@@MEAAHI_K_JPEA_J@Z 000000018000a3ea f   mfc140:mfc140.dll
 0001:000093f0       ?GetRuntimeClass@CStatic@@UEBAPEAUCRuntimeClass@@XZ 000000018000a3f0 f   mfc140:mfc140.dll
 0001:000093f6       ?GetRuntimeClass@CDialog@@UEBAPEAUCRuntimeClass@@XZ 000000018000a3f6 f   mfc140:mfc140.dll
 0001:000093fc       ?OnCmdMsg@CDialog@@UEAAHIHPEAXPEAUAFX_CMDHANDLERINFO@@@Z 000000018000a3fc f   mfc140:mfc140.dll
 0001:00009402       ?OnChildNotify@CWnd@@MEAAHI_K_JPEA_J@Z 000000018000a402 f   mfc140:mfc140.dll
 0001:00009408       ?CheckAutoCenter@CDialog@@UEAAHXZ 000000018000a408 f   mfc140:mfc140.dll
 0001:0000940e       ?SetOccDialogInfo@CDialog@@MEAAHPEAU_AFX_OCC_DIALOG_INFO@@@Z 000000018000a40e f   mfc140:mfc140.dll
 0001:00009414       ?GetOccDialogInfo@CDialog@@MEAAPEAU_AFX_OCC_DIALOG_INFO@@XZ 000000018000a414 f   mfc140:mfc140.dll
 0001:0000941a       ?Create@CDialog@@UEAAHPEBDPEAVCWnd@@@Z 000000018000a41a f   mfc140:mfc140.dll
 0001:00009420       ?CreateIndirect@CDialog@@UEAAHPEAXPEAVCWnd@@@Z 000000018000a420 f   mfc140:mfc140.dll
 0001:00009426       ?CreateIndirect@CDialog@@UEAAHPEBUDLGTEMPLATE@@PEAVCWnd@@PEAX@Z 000000018000a426 f   mfc140:mfc140.dll
 0001:0000942c       ?OnSetFont@CDialog@@UEAAXPEAVCFont@@@Z 000000018000a42c f   mfc140:mfc140.dll
 0001:00009432       ?PreInitDialog@CDialog@@MEAAXXZ 000000018000a432 f   mfc140:mfc140.dll
 0001:00009438       ?GetRuntimeClass@CWnd@@UEBAPEAUCRuntimeClass@@XZ 000000018000a438 f   mfc140:mfc140.dll
 0001:0000943e       ?GetRuntimeClass@CWinApp@@UEBAPEAUCRuntimeClass@@XZ 000000018000a43e f   mfc140:mfc140.dll
[...]
 0004:000003d8       $pdata$?insert@?$basic_string@DU?$char_traits@D@std@@V?$allocator@D@2@@std@@QEAAAEAV12@_KAEBV12@0_K@Z 00000001800203d8     EOH.obj
 0004:000003e4       $pdata$0$?insert@?$basic_string@DU?$char_traits@D@std@@V?$allocator@D@2@@std@@QEAAAEAV12@_KAEBV12@0_K@Z 00000001800203e4     EOH.obj
 0004:000003f0       $pdata$1$?insert@?$basic_string@DU?$char_traits@D@std@@V?$allocator@D@2@@std@@QEAAAEAV12@_KAEBV12@0_K@Z 00000001800203f0     EOH.obj
 0004:000003fc       $pdata$3$?insert@?$basic_string@DU?$char_traits@D@std@@V?$allocator@D@2@@std@@QEAAAEAV12@_KAEBV12@0_K@Z 00000001800203fc     EOH.obj
 0004:00000408       $pdata$4$?insert@?$basic_string@DU?$char_traits@D@std@@V?$allocator@D@2@@std@@QEAAAEAV12@_KAEBV12@0_K@Z 0000000180020408     EOH.obj
 0004:00000414       $pdata$??$_Insert_string@DU?$char_traits@D@std@@_K@std@@YAAEAV?$basic_ostream@DU?$char_traits@D@std@@@0@AEAV10@QEBD_K@Z 0000000180020414     EOH.obj
 0004:00000420       $pdata$??$getline@DU?$char_traits@D@std@@V?$allocator@D@2@@std@@YAAEAV?$basic_istream@DU?$char_traits@D@std@@@0@$$QEAV10@AEAV?$basic_string@DU?$char_traits@D@std@@V?$allocator@D@2@@0@D@Z 0000000180020420     EOH.obj
 0004:0000042c       $pdata$??1sentry@?$basic_istream@DU?$char_traits@D@std@@@std@@QEAA@XZ 000000018002042c     EOH.obj
 0004:00000438       $pdata$??Y?$basic_string@DU?$char_traits@D@std@@V?$allocator@D@2@@std@@QEAAAEAV01@D@Z 0000000180020438     EOH.obj
 0004:00000444       $pdata$??_Gbad_cast@std@@UEAAPEAXI@Z 0000000180020444     EOH.obj
 0004:00000444       $pdata$??_Gexception@std@@UEAAPEAXI@Z 0000000180020444     EOH.obj
 0004:00000450       $pdata$??0bad_cast@std@@QEAA@AEBV01@@Z 0000000180020450     EOH.obj
 0004:0000045c       $pdata$?append@?$basic_string@DU?$char_traits@D@std@@V?$allocator@D@2@@std@@QEAAAEAV12@QEBD_K@Z 000000018002045c     EOH.obj
 0004:00000468       $pdata$0$?append@?$basic_string@DU?$char_traits@D@std@@V?$allocator@D@2@@std@@QEAAAEAV12@QEBD_K@Z 0000000180020468     EOH.obj
 0004:00000474       $pdata$1$?append@?$basic_string@DU?$char_traits@D@std@@V?$allocator@D@2@@std@@QEAAAEAV12@QEBD_K@Z 0000000180020474     EOH.obj
 0004:00000480       $pdata$??0exception@std@@QEAA@AEBV01@@Z 0000000180020480     EOH.obj
 0004:0000048c       $pdata$??1locale@std@@QEAA@XZ 000000018002048c     EOH.obj
 0004:00000498       $pdata$_scprintf           0000000180020498     EOH.obj
 0004:000004a4       $pdata$?assign@?$basic_string@DU?$char_traits@D@std@@V?$allocator@D@2@@std@@QEAAAEAV12@_KD@Z 00000001800204a4     EOH.obj
 0004:000004b0       $pdata$sprintf_s           00000001800204b0     EOH.obj
 0004:000004bc       $pdata$?resize@?$basic_string@DU?$char_traits@D@std@@V?$allocator@D@2@@std@@QEAAX_KD@Z 00000001800204bc     EOH.obj
 0004:000004c8       $pdata$0$?resize@?$basic_string@DU?$char_traits@D@std@@V?$allocator@D@2@@std@@QEAAX_KD@Z 00000001800204c8     EOH.obj
 0004:000004d4       $pdata$2$?resize@?$basic_string@DU?$char_traits@D@std@@V?$allocator@D@2@@std@@QEAAX_KD@Z 00000001800204d4     EOH.obj
 0004:000004e0       $pdata$3$?resize@?$basic_string@DU?$char_traits@D@std@@V?$allocator@D@2@@std@@QEAAX_KD@Z 00000001800204e0     EOH.obj
 0004:000004ec       $pdata$??$_Floating_to_string@N@std@@YA?AV?$basic_string@DU?$char_traits@D@std@@V?$allocator@D@2@@0@PEBDN@Z 00000001800204ec     EOH.obj
 0004:000004f8       $pdata$?to_string@std@@YA?AV?$basic_string@DU?$char_traits@D@std@@V?$allocator@D@2@@1@N@Z 00000001800204f8     EOH.obj
 0004:00000504       $pdata$??_GCStatic@@UEAAPEAXI@Z 0000000180020504     EOH.obj
 0004:00000510       $pdata$??_GCButton@@UEAAPEAXI@Z 0000000180020510     EOH.obj
 0004:0000051c       $pdata$?append@?$basic_string@DU?$char_traits@D@std@@V?$allocator@D@2@@std@@QEAAAEAV12@AEBV12@_K_K@Z 000000018002051c     EOH.obj
 0004:00000528       $pdata$0$?append@?$basic_string@DU?$char_traits@D@std@@V?$allocator@D@2@@std@@QEAAAEAV12@AEBV12@_K_K@Z 0000000180020528     EOH.obj
 0004:00000534       $pdata$1$?append@?$basic_string@DU?$char_traits@D@std@@V?$allocator@D@2@@std@@QEAAAEAV12@AEBV12@_K_K@Z 0000000180020534     EOH.obj
 0004:00000540       $pdata$??$_Integral_to_string@DI@std@@YA?AV?$basic_string@DU?$char_traits@D@std@@V?$allocator@D@2@@0@I@Z 0000000180020540     EOH.obj
 0004:0000054c       $pdata$?to_string@std@@YA?AV?$basic_string@DU?$char_traits@D@std@@V?$allocator@D@2@@1@I@Z 000000018002054c     EOH.obj
 0004:00000558       $pdata$?_Xran@?$basic_string@DU?$char_traits@D@std@@V?$allocator@D@2@@std@@SAXXZ 0000000180020558     EOH.obj
 0004:00000564       $pdata$?erase@?$basic_string@DU?$char_traits@D@std@@V?$allocator@D@2@@std@@QEAAAEAV12@_K0@Z 0000000180020564     EOH.obj
 0004:00000570       $pdata$?assign@?$basic_string@DU?$char_traits@D@std@@V?$allocator@D@2@@std@@QEAAAEAV12@AEBV12@_K_K@Z 0000000180020570     EOH.obj
 0004:0000057c       $pdata$?_Xlen@?$basic_string@DU?$char_traits@D@std@@V?$allocator@D@2@@std@@SAXXZ 000000018002057c     EOH.obj
 0004:00000588       $pdata$?allocate@?$_Wrap_alloc@V?$allocator@D@std@@@std@@QEAAPEAD_K@Z 0000000180020588     EOH.obj
 0004:00000594       $pdata$?_Copy@?$basic_string@DU?$char_traits@D@std@@V?$allocator@D@2@@std@@QEAAX_K@Z 0000000180020594     EOH.obj
 0004:000005a0       $pdata$?assign@?$basic_string@DU?$char_traits@D@std@@V?$allocator@D@2@@std@@QEAAAEAV12@QEBD_K@Z 00000001800205a0     EOH.obj
 0004:000005ac       $pdata$?deallocate@?$_Wrap_alloc@V?$allocator@D@std@@@std@@QEAAXPEAD_K@Z 00000001800205ac     EOH.obj
 0004:000005b8       $pdata$?_Tidy_deallocate@?$basic_string@DU?$char_traits@D@std@@V?$allocator@D@2@@std@@QEAAXXZ 00000001800205b8     EOH.obj
 0004:000005c4       $pdata$??0ExtensionDerivedConfig@@QEAA@XZ 00000001800205c4     ExtensionDerivedConfig.obj
 0004:000005d0       $pdata$??_GExtensionDerivedConfig@@UEAAPEAXI@Z 00000001800205d0     ExtensionDerivedConfig.obj
 0004:000005dc       $pdata$?AddSettings@ExtensionDerivedConfig@@IEAAXXZ 00000001800205dc     ExtensionDerivedConfig.obj
 0004:000005e8       $pdata$?Clone@ExtensionDerivedConfig@@UEBAPEAVConfigBase@@XZ 00000001800205e8     ExtensionDerivedConfig.obj
 0004:000005f4       $pdata$GetExtensionInfo    00000001800205f4     ExtensionSample.obj
 0004:00000600       $pdata$AddMenuItemToString 0000000180020600     ExtensionSample.obj
 0004:0000060c       $pdata$GetTakionExtensionMenu 000000018002060c     ExtensionSample.obj
 0004:00000618       $pdata$ExecuteTakionCommand 0000000180020618     ExtensionSample.obj
 0004:00000624       $pdata$ExtensionInitialize 0000000180020624     ExtensionSample.obj
 0004:00000630       $pdata$1$ExtensionInitialize 0000000180020630     ExtensionSample.obj
 0004:0000063c       $pdata$2$ExtensionInitialize 000000018002063c     ExtensionSample.obj
 0004:00000648       $pdata$ExtensionTerminate  0000000180020648     ExtensionSample.obj
 0004:00000654       $pdata$??0ExtensionSample@@QEAA@XZ 0000000180020654     ExtensionSample.obj
 0004:00000660       $pdata$??_GExtensionSample@@UEAAPEAXI@Z 0000000180020660     ExtensionSample.obj
 0004:0000066c       $pdata$?InitInstance@ExtensionSample@@UEAAHXZ 000000018002066c     ExtensionSample.obj
 0004:00000678       $pdata$??_GTakionPopupWnd@@UEAAPEAXI@Z 0000000180020678     ExtensionSample.obj
 0004:00000684       $pdata$??_GTakionMessageBox@@UEAAPEAXI@Z 0000000180020684     ExtensionSample.obj
 0004:00000690       $pdata$?CreateTitle@@YA?AV?$basic_string@DU?$char_traits@D@std@@V?$allocator@D@2@@std@@AEBQEBDAEB_K@Z 0000000180020690     MainDialog.obj
 0004:0000069c       $pdata$??0MainDialog@@QEAA@PEBD_K0@Z 000000018002069c     MainDialog.obj
 0004:000006a8       $pdata$??_GMainDialog@@UEAAPEAXI@Z 00000001800206a8     MainDialog.obj
 0004:000006b4       $pdata$?OnInitDialog@MainDialog@@MEAAHXZ 00000001800206b4     MainDialog.obj
 0004:000006c0       $pdata$??_GTakionSettingTabDialog@@UEAAPEAXI@Z 00000001800206c0     MainDialog.obj
 0004:000006cc       $pdata$RawDllMain          00000001800206cc     mfcs140:dllmodul.obj
 0004:000006d8       $pdata$??_G_AFX_DLL_MODULE_STATE@@UEAAPEAXI@Z 00000001800206d8     mfcs140:dllmodul.obj
 0004:000006e4       $pdata$?AfxWndProcDllStatic@@YA_JPEAUHWND__@@I_K_J@Z 00000001800206e4     mfcs140:dllmodul.obj
 0004:000006f0       $pdata$DllMain             00000001800206f0     mfcs140:dllmodul.obj
 0004:000006fc       $pdata$InternalDllMain     00000001800206fc     mfcs140:dllmodul.obj
 0004:00000708       $pdata$?AfxGetApp@@YAPEAVCWinApp@@XZ 0000000180020708     mfcs140:dllmodulx.obj
 0004:00000720       $pdata$__scrt_acquire_startup_lock 0000000180020720     msvcrt:utility.obj
 0004:0000072c       $pdata$__scrt_dllmain_after_initialize_c 000000018002072c     msvcrt:utility.obj
 0004:00000738       $pdata$__scrt_dllmain_before_initialize_c 0000000180020738     msvcrt:utility.obj
 0004:00000744       $pdata$__scrt_dllmain_crt_thread_attach 0000000180020744     msvcrt:utility.obj
 0004:00000750       $pdata$__scrt_dllmain_crt_thread_detach 0000000180020750     msvcrt:utility.obj
 0004:0000075c       $pdata$__scrt_dllmain_exception_filter 000000018002075c     msvcrt:utility.obj
 0004:00000768       $pdata$__scrt_dllmain_uninitialize_c 0000000180020768     msvcrt:utility.obj
 0004:00000774       $pdata$__scrt_dllmain_uninitialize_critical 0000000180020774     msvcrt:utility.obj
 0004:00000780       $pdata$__scrt_initialize_crt 0000000180020780     msvcrt:utility.obj
 0004:0000078c       $pdata$__scrt_initialize_onexit_tables 000000018002078c     msvcrt:utility.obj
 0004:00000798       $pdata$__scrt_is_nonwritable_in_current_image 0000000180020798     msvcrt:utility.obj
 0004:000007a4       $pdata$__scrt_release_startup_lock 00000001800207a4     msvcrt:utility.obj
 0004:000007b0       $pdata$__scrt_uninitialize_crt 00000001800207b0     msvcrt:utility.obj
 0004:000007bc       $pdata$_onexit             00000001800207bc     msvcrt:utility.obj
 0004:000007c8       $pdata$atexit              00000001800207c8     msvcrt:utility.obj
 0004:000007d4       $pdata$??_Gtype_info@@UEAAPEAXI@Z 00000001800207d4     msvcrt:std_type_info_static.obj
 0004:000007e0       $pdata$?__scrt_initialize_thread_safe_statics@@YAHXZ 00000001800207e0     msvcrt:thread_safe_statics.obj
 0004:000007ec       $pdata$?__scrt_uninitialize_thread_safe_statics@@YAXXZ 00000001800207ec     msvcrt:thread_safe_statics.obj
 0004:000007f8       $pdata$_Init_thread_footer 00000001800207f8     msvcrt:thread_safe_statics.obj
 0004:00000804       $pdata$_Init_thread_header 0000000180020804     msvcrt:thread_safe_statics.obj
 0004:00000810       $pdata$_Init_thread_notify 0000000180020810     msvcrt:thread_safe_statics.obj
 0004:0000081c       $pdata$_Init_thread_wait   000000018002081c     msvcrt:thread_safe_statics.obj
 0004:00000828       $pdata$?dllmain_crt_dispatch@@YAHQEAUHINSTANCE__@@KQEAX@Z 0000000180020828     msvcrt:dll_dllmain.obj
 0004:00000834       $pdata$?dllmain_crt_process_attach@@YAHQEAUHINSTANCE__@@QEAX@Z 0000000180020834     msvcrt:dll_dllmain.obj
 0004:00000840       $pdata$?dllmain_crt_process_detach@@YAH_N@Z 0000000180020840     msvcrt:dll_dllmain.obj
 0004:0000084c       $pdata$?dllmain_dispatch@@YAHQEAUHINSTANCE__@@KQEAX@Z 000000018002084c     msvcrt:dll_dllmain.obj
 0004:00000858       $pdata$?dllmain_raw@@YAHQEAUHINSTANCE__@@KQEAX@Z 0000000180020858     msvcrt:dll_dllmain.obj
 0004:00000864       $pdata$_DllMainCRTStartup  0000000180020864     msvcrt:dll_dllmain.obj
 0004:00000870       $pdata$__raise_securityfailure 0000000180020870     msvcrt:gs_report.obj
 0004:0000087c       $pdata$__report_gsfailure  000000018002087c     msvcrt:gs_report.obj
 0004:00000888       $pdata$capture_previous_context 0000000180020888     msvcrt:gs_report.obj
 0004:00000894       $pdata$__isa_available_init 0000000180020894     msvcrt:_cpu_disp_.obj
 0004:000008a0       $pdata$__scrt_fastfail     00000001800208a0     msvcrt:utility_desktop.obj
 0004:000008ac       $pdata$__security_init_cookie 00000001800208ac     msvcrt:gs_support.obj
 0004:000008b8       $pdata$__scrt_initialize_default_local_stdio_options 00000001800208b8     msvcrt:default_local_stdio_options.obj
 0004:000008c4       $pdata$_RTC_Initialize     00000001800208c4     msvcrt:_initsect_.obj
 0004:000008d0       $pdata$_RTC_Terminate      00000001800208d0     msvcrt:_initsect_.obj
 0004:000008dc       $pdata$__GSHandlerCheck    00000001800208dc     msvcrt:_gshandler_.obj
 0004:000008e8       $pdata$__GSHandlerCheckCommon 00000001800208e8     msvcrt:_gshandler_.obj
 0004:000008f4       $pdata$??0CAtlBaseModule@ATL@@QEAA@XZ 00000001800208f4     atls:atlbase.obj
 0004:00000900       $pdata$??1CAtlBaseModule@ATL@@QEAA@XZ 0000000180020900     atls:atlbase.obj
 0004:0000090c       $pdata$??_G_Fac_node@std@@QEAAPEAXI@Z 000000018002090c     msvcprt:locale0_implib.obj
 0004:00000918       $pdata$?_Facet_Register@std@@YAXPEAV_Facet_base@1@@Z 0000000180020918     msvcprt:locale0_implib.obj
 0004:00000924       $pdata$_RawDllMainProxy    0000000180020924     mfcs140:rawdllmainproxy.obj
 0004:00000930       $pdata$_IsNonwritableInCurrentImage 0000000180020930     mfcs140:rawdllmainproxy.obj
 0004:0000093c       $pdata$__GSHandlerCheck_EH 000000018002093c     msvcrt:gshandlereh.obj
 0004:00000954       $pdata$?dtor$0@?0??GetCurrentDate@@YA?AV?$basic_string@DU?$char_traits@D@std@@V?$allocator@D@2@@std@@XZ@4HA 0000000180020954     EOH.obj
 0004:00000960       $pdata$?dtor$1@?0??GetCurrentDate@@YA?AV?$basic_string@DU?$char_traits@D@std@@V?$allocator@D@2@@std@@XZ@4HA 0000000180020960     EOH.obj
 0004:0000096c       $pdata$?dtor$2@?0??GetCurrentDate@@YA?AV?$basic_string@DU?$char_traits@D@std@@V?$allocator@D@2@@std@@XZ@4HA 000000018002096c     EOH.obj
 0004:00000978       $pdata$?dtor$3@?0??GetCurrentDate@@YA?AV?$basic_string@DU?$char_traits@D@std@@V?$allocator@D@2@@std@@XZ@4HA 0000000180020978     EOH.obj
 0004:00000984       $pdata$?dtor$5@?0??GetCurrentDate@@YA?AV?$basic_string@DU?$char_traits@D@std@@V?$allocator@D@2@@std@@XZ@4HA 0000000180020984     EOH.obj
 0004:00000990       $pdata$?dtor$6@?0??GetCurrentDate@@YA?AV?$basic_string@DU?$char_traits@D@std@@V?$allocator@D@2@@std@@XZ@4HA 0000000180020990     EOH.obj
 0004:0000099c       $pdata$?dtor$7@?0??GetCurrentDate@@YA?AV?$basic_string@DU?$char_traits@D@std@@V?$allocator@D@2@@std@@XZ@4HA 000000018002099c     EOH.obj
 0004:000009a8       $pdata$?dtor$8@?0??GetCurrentDate@@YA?AV?$basic_string@DU?$char_traits@D@std@@V?$allocator@D@2@@std@@XZ@4HA 00000001800209a8     EOH.obj
 0004:000009b4       $pdata$?dtor$9@?0??GetCurrentDate@@YA?AV?$basic_string@DU?$char_traits@D@std@@V?$allocator@D@2@@std@@XZ@4HA 00000001800209b4     EOH.obj
 0004:000009c0       $pdata$?dtor$10@?0??GetCurrentDate@@YA?AV?$basic_string@DU?$char_traits@D@std@@V?$allocator@D@2@@std@@XZ@4HA 00000001800209c0     EOH.obj
 0004:000009cc       $pdata$?dtor$0@?0???0?$basic_ofstream@DU?$char_traits@D@std@@@std@@QEAA@XZ@4HA 00000001800209cc     EOH.obj
 0004:000009d8       $pdata$?dtor$0@?0???0?$basic_ifstream@DU?$char_traits@D@std@@@std@@QEAA@XZ@4HA 00000001800209d8     EOH.obj
 0004:000009e4       $pdata$?catch$9@?0???$?6U?$char_traits@D@std@@@std@@YAAEAV?$basic_ostream@DU?$char_traits@D@std@@@0@AEAV10@PEBD@Z@4HA 00000001800209e4     EOH.obj
 0004:000009f0       $pdata$?dtor$0@?0???$?HDU?$char_traits@D@std@@V?$allocator@D@1@@std@@YA?AV?$basic_string@DU?$char_traits@D@std@@V?$allocator@D@2@@0@AEBV10@QEBD@Z@4HA 00000001800209f0     EOH.obj
 0004:000009f0       $pdata$?dtor$0@?0??CreateTitle@@YA?AV?$basic_string@DU?$char_traits@D@std@@V?$allocator@D@2@@std@@AEBQEBDAEB_K@Z@4HA 00000001800209f0     MainDialog.obj
 0004:000009fc       $pdata$?dtor$16@?0???$emplace_back@AEBUpositionStruct@@@?$vector@UpositionStruct@@V?$allocator@UpositionStruct@@@std@@@std@@QEAAXAEBUpositionStruct@@@Z@4HA 00000001800209fc     EOH.obj
 0004:00000a08       $pdata$?dtor$69@?0???$emplace_back@AEBUpositionStruct@@@?$vector@UpositionStruct@@V?$allocator@UpositionStruct@@@std@@@std@@QEAAXAEBUpositionStruct@@@Z@4HA 0000000180020a08     EOH.obj
 0004:00000a14       $pdata$?catch$89@?0???$emplace_back@AEBUpositionStruct@@@?$vector@UpositionStruct@@V?$allocator@UpositionStruct@@@std@@@std@@QEAAXAEBUpositionStruct@@@Z@4HA 0000000180020a14     EOH.obj
 0004:00000a20       $pdata$?catch$8@?0???$_Insert_string@DU?$char_traits@D@std@@_K@std@@YAAEAV?$basic_ostream@DU?$char_traits@D@std@@@0@AEAV10@QEBD_K@Z@4HA 0000000180020a20     EOH.obj
 0004:00000a2c       $pdata$?catch$35@?0???$getline@DU?$char_traits@D@std@@V?$allocator@D@2@@std@@YAAEAV?$basic_istream@DU?$char_traits@D@std@@@0@$$QEAV10@AEAV?$basic_string@DU?$char_traits@D@std@@V?$allocator@D@2@@0@D@Z@4HA 0000000180020a2c     EOH.obj
 0004:00000a38       $pdata$?dtor$0@?0???$_Floating_to_string@N@std@@YA?AV?$basic_string@DU?$char_traits@D@std@@V?$allocator@D@2@@0@PEBDN@Z@4HA 0000000180020a38     EOH.obj
 0004:00000a44       $pdata$?catch$16@?0??_Copy@?$basic_string@DU?$char_traits@D@std@@V?$allocator@D@2@@std@@QEAAX_K@Z@4HA 0000000180020a44     EOH.obj
 0004:00000a50       $pdata$?dtor$0@?0??Clone@ExtensionDerivedConfig@@UEBAPEAVConfigBase@@XZ@4HA 0000000180020a50     ExtensionDerivedConfig.obj
 0004:00000a5c       $pdata$InternalDllMain$catch$2 0000000180020a5c     mfcs140:dllmodul.obj
 0004:00000a68       $pdata$?fin$0@?0??dllmain_crt_process_attach@@YAHQEAUHINSTANCE__@@QEAX@Z@4HA 0000000180020a68     msvcrt:dll_dllmain.obj
 0004:00000a74       $pdata$?fin$0@?0??dllmain_crt_process_detach@@YAH_N@Z@4HA 0000000180020a74     msvcrt:dll_dllmain.obj
 0004:00000a80       $pdata$?filt$0@?0??dllmain_dispatch@@YAHQEAUHINSTANCE__@@KQEAX@Z@4HA 0000000180020a80     msvcrt:dll_dllmain.obj
 0004:00000a8c       $pdata$__scrt_is_nonwritable_in_current_image$filt$0 0000000180020a8c     msvcrt:utility.obj
 0004:00000a8c       $pdata$_IsNonwritableInCurrentImage$filt$0 0000000180020a8c     mfcs140:rawdllmainproxy.obj
 0004:00000a98       $pdata$??__FoutFile@@YAXXZ 0000000180020a98     EOH.obj
 0004:00000aa4       $pdata$??__FtheApp@@YAXXZ  0000000180020aa4     ExtensionSample.obj
 0004:00000ab0       $pdata$??__F_Fac_tidy_reg@std@@YAXXZ 0000000180020ab0     msvcprt:locale0_implib.obj
 0006:000000a0       $R000000                   00000001800220a0     ExtensionSample.res
 0006:00000320       $R000280                   0000000180022320     ExtensionSample.res

 Exports

  ordinal    name

        2    GetExtensionCode
        3    ExtensionInitialize
        4    ExtensionTerminate
        5    GetExtensionVersion
        6    GetUtilsVersion
        7    GetUtilsHeaderVersion
        8    GetUtilsGuiVersion
        9    GetUtilsGuiHeaderVersion
       10    GetTakionUtilsVersion
       11    GetTakionUtilsHeaderVersion
       12    GetTakionGuiVersion
       13    GetTakionGuiHeaderVersion
       14    GetTakionDataVersion
       15    GetTakionDataHeaderVersion
       16    GetTakionLogVersion
       17    GetTakionLogHeaderVersion
       18    GetObserverVersion
       19    GetObserverHeaderVersion
       21    GetReceiverHeaderVersion
       22    GetTakionExtensionDescription
       23    GetTakionExtensionMenu
       24    ExecuteTakionCommand
       25    KeyStrokeAndCommand
       26    SymbolEnteredInMmBox
       27    SecurityRefreshed
       28    TakionMoveWindows
       29    ActiveMmBoxChanged
       30    CurrentAccountSet
       31    AppActivated
       32    SaveLayout
       33    SaveLayoutAs
       34    OpenLayout
       35    RestoreLayout
       36    GetLayoutFilePath
       37    TakionCreateExtensionTool
       38    MessageReport
       39    MarketSorterNotifyAdded
       40    MarketSorterContents
       41    MarketSorterContentsDone
       42    MarketSorterNotifyRemoved
       43    MarketSorterNotifyPrefixChanged
       44    NotifyMarketSorterSymbol
       45    MarketSorterNotifyAllRowsRemoved
       46    LineDoubleClicked
       47    GetExtensionInfo
       48    CommandWindowRemoved
       49    LayoutChanged
       50    ExtensionIsDebug
       51    MainThreadAvailableDataProcessed
       52    MainThreadIdleState
       53    NextDayStarted
